Component: ARM Compiler 6.14 Tool: armlink [5db06800]

==============================================================================

Section Cross References

    main.o(.text) refers (Special) to _printf_c.o(.ARM.Collect$$_printf_percent$$00000013) for _printf_c
    main.o(.text) refers (Special) to _printf_percent.o(.ARM.Collect$$_printf_percent$$00000000) for _printf_percent
    main.o(.text) refers (Special) to _printf_str.o(.text) for _printf_str
    main.o(.text) refers (Special) to _scanf_str.o(.text) for _scanf_string
    main.o(.text.main) refers (Special) to _printf_c.o(.ARM.Collect$$_printf_percent$$00000013) for _printf_c
    main.o(.text.main) refers (Special) to _printf_percent.o(.ARM.Collect$$_printf_percent$$00000000) for _printf_percent
    main.o(.text.main) refers (Special) to _printf_str.o(.text) for _printf_str
    main.o(.text.main) refers (Special) to _scanf_str.o(.text) for _scanf_string
    main.o(.text.main) refers to main.o(.text.set_sysclk_to_hsi) for set_sysclk_to_hsi
    main.o(.text.main) refers to main.o(.text.gpio_init) for gpio_init
    main.o(.text.main) refers to main.o(.text.usart1_Init) for usart1_Init
    main.o(.text.main) refers to putchar.o(.text) for putchar
    main.o(.text.main) refers to puts.o(.text) for puts
    main.o(.text.main) refers to fwrite.o(.text) for fwrite
    main.o(.text.main) refers to __0scanf.o(.text) for __0scanf
    main.o(.text.main) refers to noretval__2printf.o(.text) for __2printf
    main.o(.text.main) refers to gets.o(.text) for gets
    main.o(.text.main) refers to main.o(.data.__stdout) for __stdout
    main.o(.text.main) refers to main.o(.data.__stderr) for __stderr
    main.o(.text.main) refers to main.o(.rodata.str1.1) for .Lstr.10
    main.o(.ARM.exidx.text.main) refers (Special) to _printf_c.o(.ARM.Collect$$_printf_percent$$00000013) for _printf_c
    main.o(.ARM.exidx.text.main) refers (Special) to _printf_percent.o(.ARM.Collect$$_printf_percent$$00000000) for _printf_percent
    main.o(.ARM.exidx.text.main) refers (Special) to _printf_str.o(.text) for _printf_str
    main.o(.ARM.exidx.text.main) refers (Special) to _scanf_str.o(.text) for _scanf_string
    main.o(.ARM.exidx.text.main) refers to main.o(.text.main) for [Anonymous Symbol]
    main.o(.text.set_sysclk_to_hsi) refers (Special) to _printf_c.o(.ARM.Collect$$_printf_percent$$00000013) for _printf_c
    main.o(.text.set_sysclk_to_hsi) refers (Special) to _printf_percent.o(.ARM.Collect$$_printf_percent$$00000000) for _printf_percent
    main.o(.text.set_sysclk_to_hsi) refers (Special) to _printf_str.o(.text) for _printf_str
    main.o(.text.set_sysclk_to_hsi) refers (Special) to _scanf_str.o(.text) for _scanf_string
    main.o(.text.set_sysclk_to_hsi) refers to system_stm32l1xx.o(.text.SystemCoreClockUpdate) for SystemCoreClockUpdate
    main.o(.ARM.exidx.text.set_sysclk_to_hsi) refers (Special) to _printf_c.o(.ARM.Collect$$_printf_percent$$00000013) for _printf_c
    main.o(.ARM.exidx.text.set_sysclk_to_hsi) refers (Special) to _printf_percent.o(.ARM.Collect$$_printf_percent$$00000000) for _printf_percent
    main.o(.ARM.exidx.text.set_sysclk_to_hsi) refers (Special) to _printf_str.o(.text) for _printf_str
    main.o(.ARM.exidx.text.set_sysclk_to_hsi) refers (Special) to _scanf_str.o(.text) for _scanf_string
    main.o(.ARM.exidx.text.set_sysclk_to_hsi) refers to main.o(.text.set_sysclk_to_hsi) for [Anonymous Symbol]
    main.o(.text.gpio_init) refers (Special) to _printf_c.o(.ARM.Collect$$_printf_percent$$00000013) for _printf_c
    main.o(.text.gpio_init) refers (Special) to _printf_percent.o(.ARM.Collect$$_printf_percent$$00000000) for _printf_percent
    main.o(.text.gpio_init) refers (Special) to _printf_str.o(.text) for _printf_str
    main.o(.text.gpio_init) refers (Special) to _scanf_str.o(.text) for _scanf_string
    main.o(.ARM.exidx.text.gpio_init) refers (Special) to _printf_c.o(.ARM.Collect$$_printf_percent$$00000013) for _printf_c
    main.o(.ARM.exidx.text.gpio_init) refers (Special) to _printf_percent.o(.ARM.Collect$$_printf_percent$$00000000) for _printf_percent
    main.o(.ARM.exidx.text.gpio_init) refers (Special) to _printf_str.o(.text) for _printf_str
    main.o(.ARM.exidx.text.gpio_init) refers (Special) to _scanf_str.o(.text) for _scanf_string
    main.o(.ARM.exidx.text.gpio_init) refers to main.o(.text.gpio_init) for [Anonymous Symbol]
    main.o(.text.usart1_Init) refers (Special) to _printf_c.o(.ARM.Collect$$_printf_percent$$00000013) for _printf_c
    main.o(.text.usart1_Init) refers (Special) to _printf_percent.o(.ARM.Collect$$_printf_percent$$00000000) for _printf_percent
    main.o(.text.usart1_Init) refers (Special) to _printf_str.o(.text) for _printf_str
    main.o(.text.usart1_Init) refers (Special) to _scanf_str.o(.text) for _scanf_string
    main.o(.ARM.exidx.text.usart1_Init) refers (Special) to _printf_c.o(.ARM.Collect$$_printf_percent$$00000013) for _printf_c
[...]
    main.o(.ARM.exidx.text.led_blue_toggle) refers (Special) to _printf_str.o(.text) for _printf_str
    main.o(.ARM.exidx.text.led_blue_toggle) refers (Special) to _scanf_str.o(.text) for _scanf_string
    main.o(.ARM.exidx.text.led_blue_toggle) refers to main.o(.text.led_blue_toggle) for [Anonymous Symbol]
    main.o(.text.led_green_toggle) refers (Special) to _printf_c.o(.ARM.Collect$$_printf_percent$$00000013) for _printf_c
    main.o(.text.led_green_toggle) refers (Special) to _printf_percent.o(.ARM.Collect$$_printf_percent$$00000000) for _printf_percent
    main.o(.text.led_green_toggle) refers (Special) to _printf_str.o(.text) for _printf_str
    main.o(.text.led_green_toggle) refers (Special) to _scanf_str.o(.text) for _scanf_string
    main.o(.ARM.exidx.text.led_green_toggle) refers (Special) to _printf_c.o(.ARM.Collect$$_printf_percent$$00000013) for _printf_c
    main.o(.ARM.exidx.text.led_green_toggle) refers (Special) to _printf_percent.o(.ARM.Collect$$_printf_percent$$00000000) for _printf_percent
    main.o(.ARM.exidx.text.led_green_toggle) refers (Special) to _printf_str.o(.text) for _printf_str
    main.o(.ARM.exidx.text.led_green_toggle) refers (Special) to _scanf_str.o(.text) for _scanf_string
    main.o(.ARM.exidx.text.led_green_toggle) refers to main.o(.text.led_green_toggle) for [Anonymous Symbol]
    main.o(.text.usart1_write) refers (Special) to _printf_c.o(.ARM.Collect$$_printf_percent$$00000013) for _printf_c
    main.o(.text.usart1_write) refers (Special) to _printf_percent.o(.ARM.Collect$$_printf_percent$$00000000) for _printf_percent
    main.o(.text.usart1_write) refers (Special) to _printf_str.o(.text) for _printf_str
    main.o(.text.usart1_write) refers (Special) to _scanf_str.o(.text) for _scanf_string
    main.o(.ARM.exidx.text.usart1_write) refers (Special) to _printf_c.o(.ARM.Collect$$_printf_percent$$00000013) for _printf_c
    main.o(.ARM.exidx.text.usart1_write) refers (Special) to _printf_percent.o(.ARM.Collect$$_printf_percent$$00000000) for _printf_percent
    main.o(.ARM.exidx.text.usart1_write) refers (Special) to _printf_str.o(.text) for _printf_str
    main.o(.ARM.exidx.text.usart1_write) refers (Special) to _scanf_str.o(.text) for _scanf_string
    main.o(.ARM.exidx.text.usart1_write) refers to main.o(.text.usart1_write) for [Anonymous Symbol]
    main.o(.text.usart1_read) refers (Special) to _printf_c.o(.ARM.Collect$$_printf_percent$$00000013) for _printf_c
    main.o(.text.usart1_read) refers (Special) to _printf_percent.o(.ARM.Collect$$_printf_percent$$00000000) for _printf_percent
    main.o(.text.usart1_read) refers (Special) to _printf_str.o(.text) for _printf_str
    main.o(.text.usart1_read) refers (Special) to _scanf_str.o(.text) for _scanf_string
    main.o(.ARM.exidx.text.usart1_read) refers (Special) to _printf_c.o(.ARM.Collect$$_printf_percent$$00000013) for _printf_c
    main.o(.ARM.exidx.text.usart1_read) refers (Special) to _printf_percent.o(.ARM.Collect$$_printf_percent$$00000000) for _printf_percent
    main.o(.ARM.exidx.text.usart1_read) refers (Special) to _printf_str.o(.text) for _printf_str
    main.o(.ARM.exidx.text.usart1_read) refers (Special) to _scanf_str.o(.text) for _scanf_string
    main.o(.ARM.exidx.text.usart1_read) refers to main.o(.text.usart1_read) for [Anonymous Symbol]
    main.o(.text.led_blue) refers (Special) to _printf_c.o(.ARM.Collect$$_printf_percent$$00000013) for _printf_c
    main.o(.text.led_blue) refers (Special) to _printf_percent.o(.ARM.Collect$$_printf_percent$$00000000) for _printf_percent
    main.o(.text.led_blue) refers (Special) to _printf_str.o(.text) for _printf_str
    main.o(.text.led_blue) refers (Special) to _scanf_str.o(.text) for _scanf_string
    main.o(.ARM.exidx.text.led_blue) refers (Special) to _printf_c.o(.ARM.Collect$$_printf_percent$$00000013) for _printf_c
    main.o(.ARM.exidx.text.led_blue) refers (Special) to _printf_percent.o(.ARM.Collect$$_printf_percent$$00000000) for _printf_percent
    main.o(.ARM.exidx.text.led_blue) refers (Special) to _printf_str.o(.text) for _printf_str
    main.o(.ARM.exidx.text.led_blue) refers (Special) to _scanf_str.o(.text) for _scanf_string
    main.o(.ARM.exidx.text.led_blue) refers to main.o(.text.led_blue) for [Anonymous Symbol]
    main.o(.text.led_green) refers (Special) to _printf_c.o(.ARM.Collect$$_printf_percent$$00000013) for _printf_c
    main.o(.text.led_green) refers (Special) to _printf_percent.o(.ARM.Collect$$_printf_percent$$00000000) for _printf_percent
    main.o(.text.led_green) refers (Special) to _printf_str.o(.text) for _printf_str
    main.o(.text.led_green) refers (Special) to _scanf_str.o(.text) for _scanf_string
    main.o(.ARM.exidx.text.led_green) refers (Special) to _printf_c.o(.ARM.Collect$$_printf_percent$$00000013) for _printf_c
    main.o(.ARM.exidx.text.led_green) refers (Special) to _printf_percent.o(.ARM.Collect$$_printf_percent$$00000000) for _printf_percent
    main.o(.ARM.exidx.text.led_green) refers (Special) to _printf_str.o(.text) for _printf_str
    main.o(.ARM.exidx.text.led_green) refers (Special) to _scanf_str.o(.text) for _scanf_string
    main.o(.ARM.exidx.text.led_green) refers to main.o(.text.led_green) for [Anonymous Symbol]
    main.o(.text.delay_ms) refers (Special) to _printf_c.o(.ARM.Collect$$_printf_percent$$00000013) for _printf_c
    main.o(.text.delay_ms) refers (Special) to _printf_percent.o(.ARM.Collect$$_printf_percent$$00000000) for _printf_percent
    main.o(.text.delay_ms) refers (Special) to _printf_str.o(.text) for _printf_str
    main.o(.text.delay_ms) refers (Special) to _scanf_str.o(.text) for _scanf_string
    main.o(.ARM.exidx.text.delay_ms) refers (Special) to _printf_c.o(.ARM.Collect$$_printf_percent$$00000013) for _printf_c
    main.o(.ARM.exidx.text.delay_ms) refers (Special) to _printf_percent.o(.ARM.Collect$$_printf_percent$$00000000) for _printf_percent
    main.o(.ARM.exidx.text.delay_ms) refers (Special) to _printf_str.o(.text) for _printf_str
    main.o(.ARM.exidx.text.delay_ms) refers (Special) to _scanf_str.o(.text) for _scanf_string
    main.o(.ARM.exidx.text.delay_ms) refers to main.o(.text.delay_ms) for [Anonymous Symbol]
    main.o(.text.fgetc) refers (Special) to _printf_c.o(.ARM.Collect$$_printf_percent$$00000013) for _printf_c
    main.o(.text.fgetc) refers (Special) to _printf_percent.o(.ARM.Collect$$_printf_percent$$00000000) for _printf_percent
    main.o(.text.fgetc) refers (Special) to _printf_str.o(.text) for _printf_str
    main.o(.text.fgetc) refers (Special) to _scanf_str.o(.text) for _scanf_string
    main.o(.text.fgetc) refers to main.o(.text.usart1_read) for usart1_read
    main.o(.text.fgetc) refers to main.o(.text.usart1_write) for usart1_write
    main.o(.ARM.exidx.text.fgetc) refers (Special) to _printf_c.o(.ARM.Collect$$_printf_percent$$00000013) for _printf_c
    main.o(.ARM.exidx.text.fgetc) refers (Special) to _printf_percent.o(.ARM.Collect$$_printf_percent$$00000000) for _printf_percent
    main.o(.ARM.exidx.text.fgetc) refers (Special) to _printf_str.o(.text) for _printf_str
    main.o(.ARM.exidx.text.fgetc) refers (Special) to _scanf_str.o(.text) for _scanf_string
    main.o(.ARM.exidx.text.fgetc) refers to main.o(.text.fgetc) for [Anonymous Symbol]
    main.o(.text.fputc) refers (Special) to _printf_c.o(.ARM.Collect$$_printf_percent$$00000013) for _printf_c
    main.o(.text.fputc) refers (Special) to _printf_percent.o(.ARM.Collect$$_printf_percent$$00000000) for _printf_percent
    main.o(.text.fputc) refers (Special) to _printf_str.o(.text) for _printf_str
    main.o(.text.fputc) refers (Special) to _scanf_str.o(.text) for _scanf_string
    main.o(.text.fputc) refers to main.o(.text.usart1_write) for usart1_write
    main.o(.ARM.exidx.text.fputc) refers (Special) to _printf_c.o(.ARM.Collect$$_printf_percent$$00000013) for _printf_c
    main.o(.ARM.exidx.text.fputc) refers (Special) to _printf_percent.o(.ARM.Collect$$_printf_percent$$00000000) for _printf_percent
    main.o(.ARM.exidx.text.fputc) refers (Special) to _printf_str.o(.text) for _printf_str
    main.o(.ARM.exidx.text.fputc) refers (Special) to _scanf_str.o(.text) for _scanf_string
    main.o(.ARM.exidx.text.fputc) refers to main.o(.text.fputc) for [Anonymous Symbol]
    main.o(.data.__stdout) refers (Special) to _printf_c.o(.ARM.Collect$$_printf_percent$$00000013) for _printf_c
    main.o(.data.__stdout) refers (Special) to _printf_percent.o(.ARM.Collect$$_printf_percent$$00000000) for _printf_percent
    main.o(.data.__stdout) refers (Special) to _printf_str.o(.text) for _printf_str
    main.o(.data.__stdout) refers (Special) to _scanf_str.o(.text) for _scanf_string
    main.o(.data.__stderr) refers (Special) to _printf_c.o(.ARM.Collect$$_printf_percent$$00000013) for _printf_c
    main.o(.data.__stderr) refers (Special) to _printf_percent.o(.ARM.Collect$$_printf_percent$$00000000) for _printf_percent
    main.o(.data.__stderr) refers (Special) to _printf_str.o(.text) for _printf_str
    main.o(.data.__stderr) refers (Special) to _scanf_str.o(.text) for _scanf_string
    main.o(.bss.__stdin) refers (Special) to _printf_c.o(.ARM.Collect$$_printf_percent$$00000013) for _printf_c
    main.o(.bss.__stdin) refers (Special) to _printf_percent.o(.ARM.Collect$$_printf_percent$$00000000) for _printf_percent
    main.o(.bss.__stdin) refers (Special) to _printf_str.o(.text) for _printf_str
    main.o(.bss.__stdin) refers (Special) to _scanf_str.o(.text) for _scanf_string
    main.o(.rodata.str1.1) refers (Special) to _printf_c.o(.ARM.Collect$$_printf_percent$$00000013) for _printf_c
    main.o(.rodata.str1.1) refers (Special) to _printf_percent.o(.ARM.Collect$$_printf_percent$$00000000) for _printf_percent
    main.o(.rodata.str1.1) refers (Special) to _printf_str.o(.text) for _printf_str
    main.o(.rodata.str1.1) refers (Special) to _scanf_str.o(.text) for _scanf_string
    main.o(.ARM.use_no_argv) refers (Special) to _printf_c.o(.ARM.Collect$$_printf_percent$$00000013) for _printf_c
    main.o(.ARM.use_no_argv) refers (Special) to _printf_percent.o(.ARM.Collect$$_printf_percent$$00000000) for _printf_percent
    main.o(.ARM.use_no_argv) refers (Special) to _printf_str.o(.text) for _printf_str
    main.o(.ARM.use_no_argv) refers (Special) to _scanf_str.o(.text) for _scanf_string
    startup_stm32l152xc.o(STACK) refers (Special) to heapauxi.o(.text) for __use_two_region_memory
    startup_stm32l152xc.o(HEAP) refers (Special) to heapauxi.o(.text) for __use_two_region_memory
    startup_stm32l152xc.o(RESET) refers (Special) to heapauxi.o(.text) for __use_two_region_memory
    startup_stm32l152xc.o(RESET) refers to startup_stm32l152xc.o(STACK) for __initial_sp
    startup_stm32l152xc.o(RESET) refers to startup_stm32l152xc.o(.text) for Reset_Handler
    startup_stm32l152xc.o(.text) refers (Special) to heapauxi.o(.text) for __use_two_region_memory
    startup_stm32l152xc.o(.text) refers to system_stm32l1xx.o(.text.SystemInit) for SystemInit
    startup_stm32l152xc.o(.text) refers to __main.o(!!!main) for __main
    startup_stm32l152xc.o(.text) refers to startup_stm32l152xc.o(HEAP) for Heap_Mem
    startup_stm32l152xc.o(.text) refers to startup_stm32l152xc.o(STACK) for Stack_Mem
    system_stm32l1xx.o(.ARM.exidx.text.SystemInit) refers to system_stm32l1xx.o(.text.SystemInit) for [Anonymous Symbol]
    system_stm32l1xx.o(.text.SystemCoreClockUpdate) refers to system_stm32l1xx.o(.rodata.PLLMulTable) for PLLMulTable
    system_stm32l1xx.o(.text.SystemCoreClockUpdate) refers to system_stm32l1xx.o(.data.SystemCoreClock) for SystemCoreClock
    system_stm32l1xx.o(.text.SystemCoreClockUpdate) refers to system_stm32l1xx.o(.rodata.AHBPrescTable) for AHBPrescTable
    system_stm32l1xx.o(.ARM.exidx.text.SystemCoreClockUpdate) refers to system_stm32l1xx.o(.text.SystemCoreClockUpdate) for [Anonymous Symbol]
    __2printf.o(.text) refers to _printf_char_file.o(.text) for _printf_char_file
    __2printf.o(.text) refers to main.o(.data.__stdout) for __stdout
    noretval__2printf.o(.text) refers to _printf_char_file.o(.text) for _printf_char_file
    noretval__2printf.o(.text) refers to main.o(.data.__stdout) for __stdout
    __printf.o(.text) refers to _printf_percent.o(.ARM.Collect$$_printf_percent$$00000000) for _printf_percent
    _printf_str.o(.text) refers (Special) to _printf_char.o(.text) for _printf_cs_common
    __printf_flags.o(.text) refers to _printf_percent.o(.ARM.Collect$$_printf_percent$$00000000) for _printf_percent
    __printf_flags.o(.text) refers to __printf_flags.o(.constdata) for .constdata
    __printf_ss.o(.text) refers to _printf_percent.o(.ARM.Collect$$_printf_percent$$00000000) for _printf_percent
    __printf_flags_ss.o(.text) refers to _printf_percent.o(.ARM.Collect$$_printf_percent$$00000000) for _printf_percent
    __printf_flags_ss.o(.text) refers to __printf_flags_ss.o(.constdata) for .constdata
    __printf_wp.o(.text) refers to __printf_wp.o(i._is_digit) for _is_digit
    __printf_wp.o(.text) refers to _printf_percent.o(.ARM.Collect$$_printf_percent$$00000000) for _printf_percent
    __printf_flags_wp.o(.text) refers to __printf_wp.o(i._is_digit) for _is_digit
    __printf_flags_wp.o(.text) refers to _printf_percent.o(.ARM.Collect$$_printf_percent$$00000000) for _printf_percent
    __printf_flags_wp.o(.text) refers to __printf_flags_wp.o(.constdata) for .constdata
    __printf_ss_wp.o(.text) refers to __printf_wp.o(i._is_digit) for _is_digit
    __printf_ss_wp.o(.text) refers to _printf_percent.o(.ARM.Collect$$_printf_percent$$00000000) for _printf_percent
    __printf_flags_ss_wp.o(.text) refers to __printf_wp.o(i._is_digit) for _is_digit
    __printf_flags_ss_wp.o(.text) refers to _printf_percent.o(.ARM.Collect$$_printf_percent$$00000000) for _printf_percent
    __printf_flags_ss_wp.o(.text) refers to __printf_flags_ss_wp.o(.constdata) for .constdata
    _printf_c.o(.ARM.Collect$$_printf_percent$$00000013) refers (Weak) to _printf_char.o(.text) for _printf_char
    _printf_percent.o(.ARM.Collect$$_printf_percent$$00000000) refers (Special) to _printf_percent_end.o(.ARM.Collect$$_printf_percent$$00000017) for _printf_percent_end
    __0scanf.o(.text) refers to scanf_char_file.o(.text) for __vfscanf_char_file
    __0scanf.o(.text) refers to main.o(.bss.__stdin) for __stdin
    fwrite.o(.text) refers to main.o(.text.fputc) for fputc
    gets.o(.text) refers to main.o(.text.fgetc) for fgetc
    gets.o(.text) refers to ferror.o(.text) for ferror
    gets.o(.text) refers to main.o(.bss.__stdin) for __stdin
    putchar.o(.text) refers to main.o(.text.fputc) for fputc
    putchar.o(.text) refers to main.o(.data.__stdout) for __stdout
    puts.o(.text) refers to main.o(.text.fputc) for fputc
    puts.o(.text) refers to main.o(.data.__stdout) for __stdout
    __main.o(!!!main) refers to __rtentry.o(.ARM.Collect$$rtentry$$00000000) for __rt_entry
    __rtentry.o(.ARM.Collect$$rtentry$$00000000) refers (Special) to __rtentry2.o(.ARM.Collect$$rtentry$$0000000A) for __rt_entry_li
    __rtentry.o(.ARM.Collect$$rtentry$$00000000) refers (Special) to __rtentry2.o(.ARM.Collect$$rtentry$$0000000D) for __rt_entry_main
    __rtentry.o(.ARM.Collect$$rtentry$$00000000) refers (Special) to __rtentry2.o(.ARM.Collect$$rtentry$$0000000C) for __rt_entry_postli_1
    __rtentry.o(.ARM.Collect$$rtentry$$00000000) refers (Special) to __rtentry2.o(.ARM.Collect$$rtentry$$00000009) for __rt_entry_postsh_1
    __rtentry.o(.ARM.Collect$$rtentry$$00000000) refers (Special) to __rtentry2.o(.ARM.Collect$$rtentry$$00000002) for __rt_entry_presh_1
    __rtentry.o(.ARM.Collect$$rtentry$$00000000) refers (Special) to __rtentry4.o(.ARM.Collect$$rtentry$$00000004) for __rt_entry_sh
    _printf_char.o(.text) refers (Weak) to _printf_str.o(.text) for _printf_str
    _printf_char_file.o(.text) refers to _printf_char_common.o(.text) for _printf_char_common
    _printf_char_file.o(.text) refers to ferror.o(.text) for ferror
    _printf_char_file.o(.text) refers to main.o(.text.fputc) for fputc
    scanf_char_file.o(.text) refers to scanf_char.o(.text) for __vfscanf_char
    scanf_char_file.o(.text) refers to main.o(.text.fgetc) for fgetc
    scanf_char_file.o(.text) refers to backspace.o(.text) for __backspace
    __rtentry2.o(.ARM.Collect$$rtentry$$00000008) refers to boardinit2.o(.text) for _platform_post_stackheap_init
    __rtentry2.o(.ARM.Collect$$rtentry$$0000000A) refers to libinit.o(.ARM.Collect$$libinit$$00000000) for __rt_lib_init
    __rtentry2.o(.ARM.Collect$$rtentry$$0000000B) refers to boardinit3.o(.text) for _platform_post_lib_init
    __rtentry2.o(.ARM.Collect$$rtentry$$0000000D) refers to main.o(.text.main) for main
    __rtentry2.o(.ARM.Collect$$rtentry$$0000000D) refers to exit.o(.text) for exit
    __rtentry2.o(.ARM.exidx) refers to __rtentry2.o(.ARM.Collect$$rtentry$$00000001) for .ARM.Collect$$rtentry$$00000001
    __rtentry2.o(.ARM.exidx) refers to __rtentry2.o(.ARM.Collect$$rtentry$$00000008) for .ARM.Collect$$rtentry$$00000008
    __rtentry2.o(.ARM.exidx) refers to __rtentry2.o(.ARM.Collect$$rtentry$$0000000A) for .ARM.Collect$$rtentry$$0000000A
    __rtentry2.o(.ARM.exidx) refers to __rtentry2.o(.ARM.Collect$$rtentry$$0000000B) for .ARM.Collect$$rtentry$$0000000B
    __rtentry2.o(.ARM.exidx) refers to __rtentry2.o(.ARM.Collect$$rtentry$$0000000D) for .ARM.Collect$$rtentry$$0000000D
    __rtentry4.o(.ARM.Collect$$rtentry$$00000004) refers to sys_stackheap_outer.o(.text) for __user_setup_stackheap
    __rtentry4.o(.ARM.exidx) refers to __rtentry4.o(.ARM.Collect$$rtentry$$00000004) for .ARM.Collect$$rtentry$$00000004
    _printf_char_common.o(.text) refers to __printf.o(.text) for __printf
    scanf_char.o(.text) refers to _scanf.o(.text) for __vfscanf
    scanf_char.o(.text) refers to isspace.o(.text) for isspace
    backspace.o(.text) refers to ungetc.o(.text) for _ungetc_internal
    sys_stackheap_outer.o(.text) refers to libspace.o(.text) for __user_perproc_libspace
    sys_stackheap_outer.o(.text) refers to startup_stm32l152xc.o(.text) for __user_initial_stackheap
    isspace.o(.text) refers to rt_ctype_table.o(.text) for __rt_ctype_table
    _scanf.o(.text) refers (Weak) to _scanf_str.o(.text) for _scanf_string
    exit.o(.text) refers to rtexit.o(.ARM.Collect$$rtexit$$00000000) for __rt_exit
    libinit.o(.ARM.Collect$$libinit$$00000000) refers (Special) to libinit2.o(.ARM.Collect$$libinit$$0000002E) for __rt_lib_init_alloca_1
    libinit.o(.ARM.Collect$$libinit$$00000000) refers (Special) to libinit2.o(.ARM.Collect$$libinit$$0000002C) for __rt_lib_init_argv_1
    libinit.o(.ARM.Collect$$libinit$$00000000) refers (Special) to libinit2.o(.ARM.Collect$$libinit$$0000001B) for __rt_lib_init_atexit_1
    libinit.o(.ARM.Collect$$libinit$$00000000) refers (Special) to libinit2.o(.ARM.Collect$$libinit$$00000021) for __rt_lib_init_clock_1
    libinit.o(.ARM.Collect$$libinit$$00000000) refers (Special) to libinit2.o(.ARM.Collect$$libinit$$00000032) for __rt_lib_init_cpp_1
    libinit.o(.ARM.Collect$$libinit$$00000000) refers (Special) to libinit2.o(.ARM.Collect$$libinit$$00000030) for __rt_lib_init_exceptions_1
    libinit.o(.ARM.Collect$$libinit$$00000000) refers (Special) to libinit2.o(.ARM.Collect$$libinit$$00000002) for __rt_lib_init_fp_1
    libinit.o(.ARM.Collect$$libinit$$00000000) refers (Special) to libinit2.o(.ARM.Collect$$libinit$$0000001F) for __rt_lib_init_fp_trap_1
    libinit.o(.ARM.Collect$$libinit$$00000000) refers (Special) to libinit2.o(.ARM.Collect$$libinit$$00000023) for __rt_lib_init_getenv_1
    libinit.o(.ARM.Collect$$libinit$$00000000) refers (Special) to libinit2.o(.ARM.Collect$$libinit$$0000000A) for __rt_lib_init_heap_1
    libinit.o(.ARM.Collect$$libinit$$00000000) refers (Special) to libinit2.o(.ARM.Collect$$libinit$$00000011) for __rt_lib_init_lc_collate_1
    libinit.o(.ARM.Collect$$libinit$$00000000) refers (Special) to libinit2.o(.ARM.Collect$$libinit$$00000013) for __rt_lib_init_lc_ctype_1
    libinit.o(.ARM.Collect$$libinit$$00000000) refers (Special) to libinit2.o(.ARM.Collect$$libinit$$00000015) for __rt_lib_init_lc_monetary_1
    libinit.o(.ARM.Collect$$libinit$$00000000) refers (Special) to libinit2.o(.ARM.Collect$$libinit$$00000017) for __rt_lib_init_lc_numeric_1
    libinit.o(.ARM.Collect$$libinit$$00000000) refers (Special) to libinit2.o(.ARM.Collect$$libinit$$00000019) for __rt_lib_init_lc_time_1
    libinit.o(.ARM.Collect$$libinit$$00000000) refers (Special) to libinit2.o(.ARM.Collect$$libinit$$00000004) for __rt_lib_init_preinit_1
    libinit.o(.ARM.Collect$$libinit$$00000000) refers (Special) to libinit2.o(.ARM.Collect$$libinit$$0000000E) for __rt_lib_init_rand_1
    libinit.o(.ARM.Collect$$libinit$$00000000) refers (Special) to libinit2.o(.ARM.Collect$$libinit$$00000033) for __rt_lib_init_return
    libinit.o(.ARM.Collect$$libinit$$00000000) refers (Special) to libinit2.o(.ARM.Collect$$libinit$$0000001D) for __rt_lib_init_signal_1
    libinit.o(.ARM.Collect$$libinit$$00000000) refers (Special) to libinit2.o(.ARM.Collect$$libinit$$00000025) for __rt_lib_init_stdio_1
    libinit.o(.ARM.Collect$$libinit$$00000000) refers (Special) to libinit2.o(.ARM.Collect$$libinit$$0000000C) for __rt_lib_init_user_alloc_1
    libspace.o(.text) refers to libspace.o(.bss) for __libspace_start
    rtexit.o(.ARM.Collect$$rtexit$$00000000) refers (Special) to rtexit2.o(.ARM.Collect$$rtexit$$00000004) for __rt_exit_exit
    rtexit.o(.ARM.Collect$$rtexit$$00000000) refers (Special) to rtexit2.o(.ARM.Collect$$rtexit$$00000003) for __rt_exit_ls
    rtexit.o(.ARM.Collect$$rtexit$$00000000) refers (Special) to rtexit2.o(.ARM.Collect$$rtexit$$00000002) for __rt_exit_prels_1
    rtexit.o(.ARM.exidx) refers (Special) to rtexit2.o(.ARM.Collect$$rtexit$$00000004) for __rt_exit_exit
    rtexit.o(.ARM.exidx) refers (Special) to rtexit2.o(.ARM.Collect$$rtexit$$00000003) for __rt_exit_ls
    rtexit.o(.ARM.exidx) refers (Special) to rtexit2.o(.ARM.Collect$$rtexit$$00000002) for __rt_exit_prels_1
    rtexit.o(.ARM.exidx) refers to rtexit.o(.ARM.Collect$$rtexit$$00000000) for .ARM.Collect$$rtexit$$00000000
    rt_ctype_table.o(.text) refers to rt_locale_intlibspace.o(.text) for __rt_locale
    rt_ctype_table.o(.text) refers to lc_ctype_c.o(locale$$code) for _get_lc_ctype
    libinit2.o(.ARM.Collect$$libinit$$0000000F) refers (Weak) to rt_locale_intlibspace.o(.text) for __rt_locale
    libinit2.o(.ARM.Collect$$libinit$$00000010) refers to libinit2.o(.ARM.Collect$$libinit$$0000000F) for .ARM.Collect$$libinit$$0000000F
    libinit2.o(.ARM.Collect$$libinit$$00000012) refers to libinit2.o(.ARM.Collect$$libinit$$0000000F) for .ARM.Collect$$libinit$$0000000F
    libinit2.o(.ARM.Collect$$libinit$$00000012) refers (Weak) to lc_ctype_c.o(locale$$code) for _get_lc_ctype
    libinit2.o(.ARM.Collect$$libinit$$00000014) refers to libinit2.o(.ARM.Collect$$libinit$$0000000F) for .ARM.Collect$$libinit$$0000000F
    libinit2.o(.ARM.Collect$$libinit$$00000016) refers to libinit2.o(.ARM.Collect$$libinit$$0000000F) for .ARM.Collect$$libinit$$0000000F
    libinit2.o(.ARM.Collect$$libinit$$00000018) refers to libinit2.o(.ARM.Collect$$libinit$$0000000F) for .ARM.Collect$$libinit$$0000000F
    libinit2.o(.ARM.Collect$$libinit$$00000026) refers to argv_veneer.o(.emb_text) for __ARM_argv_veneer
    libinit2.o(.ARM.Collect$$libinit$$00000027) refers to argv_veneer.o(.emb_text) for __ARM_argv_veneer
    rtexit2.o(.ARM.Collect$$rtexit$$00000003) refers to libshutdown.o(.ARM.Collect$$libshutdown$$00000000) for __rt_lib_shutdown
    rtexit2.o(.ARM.Collect$$rtexit$$00000004) refers to sys_exit.o(.text) for _sys_exit
    rtexit2.o(.ARM.exidx) refers to rtexit2.o(.ARM.Collect$$rtexit$$00000001) for .ARM.Collect$$rtexit$$00000001
    rtexit2.o(.ARM.exidx) refers to rtexit2.o(.ARM.Collect$$rtexit$$00000003) for .ARM.Collect$$rtexit$$00000003
    rtexit2.o(.ARM.exidx) refers to rtexit2.o(.ARM.Collect$$rtexit$$00000004) for .ARM.Collect$$rtexit$$00000004
    rt_locale.o(.text) refers to rt_locale.o(.bss) for __rt_locale_data
    rt_locale_intlibspace.o(.text) refers to libspace.o(.bss) for __libspace_start
    lc_ctype_c.o(locale$$data) refers (Special) to libinit2.o(.ARM.Collect$$libinit$$00000012) for __rt_lib_init_lc_ctype_2
    lc_ctype_c.o(locale$$code) refers (Special) to libinit2.o(.ARM.Collect$$libinit$$00000012) for __rt_lib_init_lc_ctype_2
    lc_ctype_c.o(locale$$code) refers to strcmpv7m.o(.text) for strcmp
    lc_ctype_c.o(locale$$code) refers to lc_ctype_c.o(locale$$data) for __lcctype_c_name
    argv_veneer.o(.emb_text) refers to no_argv.o(.text) for __ARM_get_argv
    sys_exit.o(.text) refers (Special) to use_no_semi.o(.text) for __I$use$semihosting
    sys_exit.o(.text) refers (Special) to indicate_semi.o(.text) for __semihosting_library_function
    sys_exit_hlt.o(.text) refers (Special) to use_no_semi.o(.text) for __I$use$semihosting
    sys_exit_hlt.o(.text) refers (Special) to indicate_semi.o(.text) for __semihosting_library_function
    _get_argv_nomalloc.o(.text) refers (Special) to hrguard.o(.text) for __heap_region$guard
    _get_argv_nomalloc.o(.text) refers to defsig_rtmem_outer.o(.text) for __rt_SIGRTMEM
    _get_argv_nomalloc.o(.text) refers to sys_command.o(.text) for _sys_command_string
    libshutdown.o(.ARM.Collect$$libshutdown$$00000000) refers (Special) to libshutdown2.o(.ARM.Collect$$libshutdown$$00000002) for __rt_lib_shutdown_cpp_1
    libshutdown.o(.ARM.Collect$$libshutdown$$00000000) refers (Special) to libshutdown2.o(.ARM.Collect$$libshutdown$$00000007) for __rt_lib_shutdown_fp_trap_1
    libshutdown.o(.ARM.Collect$$libshutdown$$00000000) refers (Special) to libshutdown2.o(.ARM.Collect$$libshutdown$$0000000F) for __rt_lib_shutdown_heap_1
    libshutdown.o(.ARM.Collect$$libshutdown$$00000000) refers (Special) to libshutdown2.o(.ARM.Collect$$libshutdown$$00000010) for __rt_lib_shutdown_return
    libshutdown.o(.ARM.Collect$$libshutdown$$00000000) refers (Special) to libshutdown2.o(.ARM.Collect$$libshutdown$$0000000A) for __rt_lib_shutdown_signal_1
    libshutdown.o(.ARM.Collect$$libshutdown$$00000000) refers (Special) to libshutdown2.o(.ARM.Collect$$libshutdown$$00000004) for __rt_lib_shutdown_stdio_1
    libshutdown.o(.ARM.Collect$$libshutdown$$00000000) refers (Special) to libshutdown2.o(.ARM.Collect$$libshutdown$$0000000C) for __rt_lib_shutdown_user_alloc_1
    sys_command.o(.text) refers (Special) to use_no_semi.o(.text) for __I$use$semihosting
    sys_command.o(.text) refers (Special) to indicate_semi.o(.text) for __semihosting_library_function
    sys_command_hlt.o(.text) refers (Special) to use_no_semi.o(.text) for __I$use$semihosting
    sys_command_hlt.o(.text) refers (Special) to indicate_semi.o(.text) for __semihosting_library_function
    defsig_rtmem_outer.o(.text) refers to defsig_rtmem_inner.o(.text) for __rt_SIGRTMEM_inner
    defsig_rtmem_outer.o(.text) refers to defsig_exit.o(.text) for __sig_exit
    defsig_rtmem_formal.o(.text) refers to rt_raise.o(.text) for __rt_raise
    rt_raise.o(.text) refers to __raise.o(.text) for __raise
    rt_raise.o(.text) refers to sys_exit.o(.text) for _sys_exit
    defsig_exit.o(.text) refers to sys_exit.o(.text) for _sys_exit
    defsig_rtmem_inner.o(.text) refers to defsig_general.o(.text) for __default_signal_display
    __raise.o(.text) refers to defsig.o(CL$$defsig) for __default_signal_handler
    defsig_general.o(.text) refers to sys_wrch.o(.text) for _ttywrch
    sys_wrch.o(.text) refers (Special) to use_no_semi.o(.text) for __I$use$semihosting
    sys_wrch.o(.text) refers (Special) to indicate_semi.o(.text) for __semihosting_library_function
    sys_wrch_hlt.o(.text) refers (Special) to use_no_semi.o(.text) for __I$use$semihosting
    sys_wrch_hlt.o(.text) refers (Special) to indicate_semi.o(.text) for __semihosting_library_function
    defsig.o(CL$$defsig) refers to defsig_rtmem_inner.o(.text) for __rt_SIGRTMEM_inner
    defsig_abrt_inner.o(.text) refers to defsig_general.o(.text) for __default_signal_display
    defsig_fpe_inner.o(.text) refers to defsig_general.o(.text) for __default_signal_display
    defsig_rtred_inner.o(.text) refers to defsig_general.o(.text) for __default_signal_display
    defsig_stak_inner.o(.text) refers to defsig_general.o(.text) for __default_signal_display
    defsig_pvfn_inner.o(.text) refers to defsig_general.o(.text) for __default_signal_display
    defsig_cppl_inner.o(.text) refers to defsig_general.o(.text) for __default_signal_display
    defsig_segv_inner.o(.text) refers to defsig_general.o(.text) for __default_signal_display
    defsig_other.o(.text) refers to defsig_general.o(.text) for __default_signal_display


==============================================================================

Removing Unused input sections from the image.

    Removing main.o(.text), (0 bytes).
    Removing main.o(.ARM.exidx.text.main), (8 bytes).
    Removing main.o(.ARM.exidx.text.set_sysclk_to_hsi), (8 bytes).
    Removing main.o(.ARM.exidx.text.gpio_init), (8 bytes).
    Removing main.o(.ARM.exidx.text.usart1_Init), (8 bytes).
    Removing main.o(.text.led_blue_toggle), (16 bytes).
    Removing main.o(.ARM.exidx.text.led_blue_toggle), (8 bytes).
    Removing main.o(.text.led_green_toggle), (16 bytes).
    Removing main.o(.ARM.exidx.text.led_green_toggle), (8 bytes).
    Removing main.o(.ARM.exidx.text.usart1_write), (8 bytes).
    Removing main.o(.ARM.exidx.text.usart1_read), (8 bytes).
    Removing main.o(.text.led_blue), (24 bytes).
    Removing main.o(.ARM.exidx.text.led_blue), (8 bytes).
    Removing main.o(.text.led_green), (24 bytes).
    Removing main.o(.ARM.exidx.text.led_green), (8 bytes).
    Removing main.o(.text.delay_ms), (34 bytes).
    Removing main.o(.ARM.exidx.text.delay_ms), (8 bytes).
    Removing main.o(.ARM.exidx.text.fgetc), (8 bytes).
    Removing main.o(.ARM.exidx.text.fputc), (8 bytes).
    Removing main.o(.ARM.use_no_argv), (4 bytes).
    Removing system_stm32l1xx.o(.text), (0 bytes).
    Removing system_stm32l1xx.o(.ARM.exidx.text.SystemInit), (8 bytes).
    Removing system_stm32l1xx.o(.ARM.exidx.text.SystemCoreClockUpdate), (8 bytes).

23 unused section(s) (total 238 bytes) removed from the image.

==============================================================================

Image Symbol Table

    Local Symbols

    Symbol Name                              Value     Ov Type        Size  Object(Section)

    ../clib/angel/boardlib.s                 0x00000000   Number         0  boardinit1.o ABSOLUTE
    ../clib/angel/boardlib.s                 0x00000000   Number         0  boardinit2.o ABSOLUTE
    ../clib/angel/boardlib.s                 0x00000000   Number         0  boardinit3.o ABSOLUTE
    ../clib/angel/boardlib.s                 0x00000000   Number         0  boardshut.o ABSOLUTE
    ../clib/angel/handlers.s                 0x00000000   Number         0  __scatter_copy.o ABSOLUTE
    ../clib/angel/handlers.s                 0x00000000   Number         0  __scatter_zi.o ABSOLUTE
    ../clib/angel/kernel.s                   0x00000000   Number         0  __rtentry.o ABSOLUTE
    ../clib/angel/kernel.s                   0x00000000   Number         0  __rtentry2.o ABSOLUTE
    ../clib/angel/kernel.s                   0x00000000   Number         0  __rtentry4.o ABSOLUTE
    ../clib/angel/kernel.s                   0x00000000   Number         0  rtexit.o ABSOLUTE
    ../clib/angel/kernel.s                   0x00000000   Number         0  rtexit2.o ABSOLUTE
    ../clib/angel/rt.s                       0x00000000   Number         0  rt_ctype_table.o ABSOLUTE
    ../clib/angel/rt.s                       0x00000000   Number         0  rt_locale.o ABSOLUTE
    ../clib/angel/rt.s                       0x00000000   Number         0  rt_locale_intlibspace.o ABSOLUTE
    ../clib/angel/rt.s                       0x00000000   Number         0  rt_raise.o ABSOLUTE
    ../clib/angel/scatter.s                  0x00000000   Number         0  __scatter.o ABSOLUTE
    ../clib/angel/startup.s                  0x00000000   Number         0  __main.o ABSOLUTE
    ../clib/angel/sys.s                      0x00000000   Number         0  sys_stackheap_outer.o ABSOLUTE
    ../clib/angel/sys.s                      0x00000000   Number         0  libspace.o ABSOLUTE
    ../clib/angel/sys.s                      0x00000000   Number         0  use_no_semi.o ABSOLUTE
    ../clib/angel/sys.s                      0x00000000   Number         0  indicate_semi.o ABSOLUTE
    ../clib/angel/sysapp.c                   0x00000000   Number         0  sys_exit.o ABSOLUTE
    ../clib/angel/sysapp.c                   0x00000000   Number         0  sys_exit_hlt.o ABSOLUTE
    ../clib/angel/sysapp.c                   0x00000000   Number         0  sys_command.o ABSOLUTE
    ../clib/angel/sysapp.c                   0x00000000   Number         0  sys_command_hlt.o ABSOLUTE
    ../clib/angel/sysapp.c                   0x00000000   Number         0  sys_wrch.o ABSOLUTE
    ../clib/angel/sysapp.c                   0x00000000   Number         0  sys_wrch_hlt.o ABSOLUTE
    ../clib/armsys.c                         0x00000000   Number         0  argv_veneer.o ABSOLUTE
    ../clib/armsys.c                         0x00000000   Number         0  argv_veneer.o ABSOLUTE
    ../clib/armsys.c                         0x00000000   Number         0  _get_argv_nomalloc.o ABSOLUTE
    ../clib/armsys.c                         0x00000000   Number         0  no_argv.o ABSOLUTE
    ../clib/ctype.c                          0x00000000   Number         0  isspace.o ABSOLUTE
    ../clib/heapalloc.c                      0x00000000   Number         0  hrguard.o ABSOLUTE
    ../clib/heapaux.c                        0x00000000   Number         0  heapauxi.o ABSOLUTE
    ../clib/libinit.s                        0x00000000   Number         0  libinit.o ABSOLUTE
    ../clib/libinit.s                        0x00000000   Number         0  libinit2.o ABSOLUTE
    ../clib/libinit.s                        0x00000000   Number         0  libshutdown.o ABSOLUTE
    ../clib/libinit.s                        0x00000000   Number         0  libshutdown2.o ABSOLUTE
    ../clib/locale.s                         0x00000000   Number         0  lc_ctype_c.o ABSOLUTE
    ../clib/memcpset.s                       0x00000000   Number         0  strcmpv7m.o ABSOLUTE
    ../clib/printf.c                         0x00000000   Number         0  __2printf.o ABSOLUTE
    ../clib/printf.c                         0x00000000   Number         0  noretval__2printf.o ABSOLUTE
    ../clib/printf.c                         0x00000000   Number         0  __printf.o ABSOLUTE
    ../clib/printf.c                         0x00000000   Number         0  _printf_str.o ABSOLUTE
    ../clib/printf.c                         0x00000000   Number         0  __printf_flags.o ABSOLUTE
    ../clib/printf.c                         0x00000000   Number         0  __printf_ss.o ABSOLUTE
    ../clib/printf.c                         0x00000000   Number         0  __printf_flags_ss.o ABSOLUTE
    ../clib/printf.c                         0x00000000   Number         0  __printf_wp.o ABSOLUTE
    ../clib/printf.c                         0x00000000   Number         0  __printf_flags_wp.o ABSOLUTE
    ../clib/printf.c                         0x00000000   Number         0  __printf_ss_wp.o ABSOLUTE
    ../clib/printf.c                         0x00000000   Number         0  __printf_flags_ss_wp.o ABSOLUTE
    ../clib/printf.c                         0x00000000   Number         0  _printf_char.o ABSOLUTE
    ../clib/printf.c                         0x00000000   Number         0  _printf_char_file.o ABSOLUTE
    ../clib/printf.c                         0x00000000   Number         0  _printf_char_common.o ABSOLUTE
    ../clib/printf.c                         0x00000000   Number         0  __printf_nopercent.o ABSOLUTE
    ../clib/printf_percent.s                 0x00000000   Number         0  _printf_c.o ABSOLUTE
    ../clib/printf_percent.s                 0x00000000   Number         0  _printf_percent.o ABSOLUTE
    ../clib/printf_percent.s                 0x00000000   Number         0  _printf_percent_end.o ABSOLUTE
    ../clib/scanf.c                          0x00000000   Number         0  __0scanf.o ABSOLUTE
    ../clib/scanf.c                          0x00000000   Number         0  _scanf_str.o ABSOLUTE
    ../clib/scanf.c                          0x00000000   Number         0  scanf_char_file.o ABSOLUTE
    ../clib/scanf.c                          0x00000000   Number         0  scanf_char.o ABSOLUTE
    ../clib/scanf.c                          0x00000000   Number         0  _scanf.o ABSOLUTE
    ../clib/signal.c                         0x00000000   Number         0  defsig_rtmem_outer.o ABSOLUTE
    ../clib/signal.c                         0x00000000   Number         0  defsig_rtmem_formal.o ABSOLUTE
    ../clib/signal.c                         0x00000000   Number         0  defsig_exit.o ABSOLUTE
    ../clib/signal.c                         0x00000000   Number         0  defsig_rtmem_inner.o ABSOLUTE
    ../clib/signal.c                         0x00000000   Number         0  __raise.o ABSOLUTE
    ../clib/signal.c                         0x00000000   Number         0  defsig_general.o ABSOLUTE
    ../clib/signal.c                         0x00000000   Number         0  defsig_abrt_inner.o ABSOLUTE
    ../clib/signal.c                         0x00000000   Number         0  defsig_fpe_inner.o ABSOLUTE
    ../clib/signal.c                         0x00000000   Number         0  defsig_rtred_inner.o ABSOLUTE
    ../clib/signal.c                         0x00000000   Number         0  defsig_stak_inner.o ABSOLUTE
    ../clib/signal.c                         0x00000000   Number         0  defsig_pvfn_inner.o ABSOLUTE
    ../clib/signal.c                         0x00000000   Number         0  defsig_cppl_inner.o ABSOLUTE
    ../clib/signal.c                         0x00000000   Number         0  defsig_segv_inner.o ABSOLUTE
    ../clib/signal.c                         0x00000000   Number         0  defsig_other.o ABSOLUTE
    ../clib/signal.s                         0x00000000   Number         0  defsig.o ABSOLUTE
    ../clib/stdio.c                          0x00000000   Number         0  fwrite.o ABSOLUTE
    ../clib/stdio.c                          0x00000000   Number         0  gets.o ABSOLUTE
    ../clib/stdio.c                          0x00000000   Number         0  putchar.o ABSOLUTE
    ../clib/stdio.c                          0x00000000   Number         0  puts.o ABSOLUTE
    ../clib/stdio.c                          0x00000000   Number         0  ferror.o ABSOLUTE
    ../clib/stdio.c                          0x00000000   Number         0  ferror_locked.o ABSOLUTE
    ../clib/stdio.c                          0x00000000   Number         0  backspace.o ABSOLUTE
    ../clib/stdio.c                          0x00000000   Number         0  backspace_locked.o ABSOLUTE
    ../clib/stdio.c                          0x00000000   Number         0  ungetc.o ABSOLUTE
    ../clib/stdlib.c                         0x00000000   Number         0  exit.o ABSOLUTE
    ../fplib/fpinit.s                        0x00000000   Number         0  fpinit.o ABSOLUTE
    ../fplib/fpinit_empty.s                  0x00000000   Number         0  fpinit_empty.o ABSOLUTE
    RTE/Device/STM32L152RC/startup_stm32l152xc.s 0x00000000   Number         0  startup_stm32l152xc.o ABSOLUTE
    dc.s                                     0x00000000   Number         0  dc.o ABSOLUTE
    main.c                                   0x00000000   Number         0  main.o ABSOLUTE
    system_stm32l1xx.c                       0x00000000   Number         0  system_stm32l1xx.o ABSOLUTE
    RESET                                    0x08000000   Section      292  startup_stm32l152xc.o(RESET)
    !!!main                                  0x08000124   Section        8  __main.o(!!!main)
    !!!scatter                               0x0800012c   Section       52  __scatter.o(!!!scatter)
    !!handler_copy                           0x08000160   Section       26  __scatter_copy.o(!!handler_copy)
    !!handler_zi                             0x0800017c   Section       28  __scatter_zi.o(!!handler_zi)
    .ARM.Collect$$_printf_percent$$00000000  0x08000198   Section        0  _printf_percent.o(.ARM.Collect$$_printf_percent$$00000000)
    .ARM.Collect$$_printf_percent$$00000013  0x08000198   Section        6  _printf_c.o(.ARM.Collect$$_printf_percent$$00000013)
    .ARM.Collect$$_printf_percent$$00000017  0x0800019e   Section        4  _printf_percent_end.o(.ARM.Collect$$_printf_percent$$00000017)
    .ARM.Collect$$libinit$$00000000          0x080001a2   Section        2  libinit.o(.ARM.Collect$$libinit$$00000000)
    .ARM.Collect$$libinit$$00000002          0x080001a4   Section        0  libinit2.o(.ARM.Collect$$libinit$$00000002)
    .ARM.Collect$$libinit$$00000004          0x080001a4   Section        0  libinit2.o(.ARM.Collect$$libinit$$00000004)
    .ARM.Collect$$libinit$$0000000A          0x080001a4   Section        0  libinit2.o(.ARM.Collect$$libinit$$0000000A)
    .ARM.Collect$$libinit$$0000000C          0x080001a4   Section        0  libinit2.o(.ARM.Collect$$libinit$$0000000C)
    .ARM.Collect$$libinit$$0000000E          0x080001a4   Section        0  libinit2.o(.ARM.Collect$$libinit$$0000000E)
    .ARM.Collect$$libinit$$0000000F          0x080001a4   Section        6  libinit2.o(.ARM.Collect$$libinit$$0000000F)
    .ARM.Collect$$libinit$$00000011          0x080001aa   Section        0  libinit2.o(.ARM.Collect$$libinit$$00000011)
    .ARM.Collect$$libinit$$00000012          0x080001aa   Section       12  libinit2.o(.ARM.Collect$$libinit$$00000012)
    .ARM.Collect$$libinit$$00000013          0x080001b6   Section        0  libinit2.o(.ARM.Collect$$libinit$$00000013)
    .ARM.Collect$$libinit$$00000015          0x080001b6   Section        0  libinit2.o(.ARM.Collect$$libinit$$00000015)
    .ARM.Collect$$libinit$$00000017          0x080001b6   Section        0  libinit2.o(.ARM.Collect$$libinit$$00000017)
    .ARM.Collect$$libinit$$00000019          0x080001b6   Section        0  libinit2.o(.ARM.Collect$$libinit$$00000019)
    .ARM.Collect$$libinit$$0000001B          0x080001b6   Section        0  libinit2.o(.ARM.Collect$$libinit$$0000001B)
    .ARM.Collect$$libinit$$0000001D          0x080001b6   Section        0  libinit2.o(.ARM.Collect$$libinit$$0000001D)
    .ARM.Collect$$libinit$$0000001F          0x080001b6   Section        0  libinit2.o(.ARM.Collect$$libinit$$0000001F)
    .ARM.Collect$$libinit$$00000021          0x080001b6   Section        0  libinit2.o(.ARM.Collect$$libinit$$00000021)
    .ARM.Collect$$libinit$$00000023          0x080001b6   Section        0  libinit2.o(.ARM.Collect$$libinit$$00000023)
    .ARM.Collect$$libinit$$00000025          0x080001b6   Section        0  libinit2.o(.ARM.Collect$$libinit$$00000025)
    .ARM.Collect$$libinit$$0000002C          0x080001b6   Section        0  libinit2.o(.ARM.Collect$$libinit$$0000002C)
    .ARM.Collect$$libinit$$0000002E          0x080001b6   Section        0  libinit2.o(.ARM.Collect$$libinit$$0000002E)
    .ARM.Collect$$libinit$$00000030          0x080001b6   Section        0  libinit2.o(.ARM.Collect$$libinit$$00000030)
    .ARM.Collect$$libinit$$00000032          0x080001b6   Section        0  libinit2.o(.ARM.Collect$$libinit$$00000032)
    .ARM.Collect$$libinit$$00000033          0x080001b6   Section        2  libinit2.o(.ARM.Collect$$libinit$$00000033)
    .ARM.Collect$$libshutdown$$00000000      0x080001b8   Section        2  libshutdown.o(.ARM.Collect$$libshutdown$$00000000)
    .ARM.Collect$$libshutdown$$00000002      0x080001ba   Section        0  libshutdown2.o(.ARM.Collect$$libshutdown$$00000002)
    .ARM.Collect$$libshutdown$$00000004      0x080001ba   Section        0  libshutdown2.o(.ARM.Collect$$libshutdown$$00000004)
    .ARM.Collect$$libshutdown$$00000007      0x080001ba   Section        0  libshutdown2.o(.ARM.Collect$$libshutdown$$00000007)
    .ARM.Collect$$libshutdown$$0000000A      0x080001ba   Section        0  libshutdown2.o(.ARM.Collect$$libshutdown$$0000000A)
    .ARM.Collect$$libshutdown$$0000000C      0x080001ba   Section        0  libshutdown2.o(.ARM.Collect$$libshutdown$$0000000C)
    .ARM.Collect$$libshutdown$$0000000F      0x080001ba   Section        0  libshutdown2.o(.ARM.Collect$$libshutdown$$0000000F)
    .ARM.Collect$$libshutdown$$00000010      0x080001ba   Section        2  libshutdown2.o(.ARM.Collect$$libshutdown$$00000010)
    .ARM.Collect$$rtentry$$00000000          0x080001bc   Section        0  __rtentry.o(.ARM.Collect$$rtentry$$00000000)
    .ARM.Collect$$rtentry$$00000002          0x080001bc   Section        0  __rtentry2.o(.ARM.Collect$$rtentry$$00000002)
    .ARM.Collect$$rtentry$$00000004          0x080001bc   Section        6  __rtentry4.o(.ARM.Collect$$rtentry$$00000004)
    .ARM.Collect$$rtentry$$00000009          0x080001c2   Section        0  __rtentry2.o(.ARM.Collect$$rtentry$$00000009)
    .ARM.Collect$$rtentry$$0000000A          0x080001c2   Section        4  __rtentry2.o(.ARM.Collect$$rtentry$$0000000A)
    .ARM.Collect$$rtentry$$0000000C          0x080001c6   Section        0  __rtentry2.o(.ARM.Collect$$rtentry$$0000000C)
    .ARM.Collect$$rtentry$$0000000D          0x080001c6   Section        8  __rtentry2.o(.ARM.Collect$$rtentry$$0000000D)
    .ARM.Collect$$rtexit$$00000000           0x080001ce   Section        2  rtexit.o(.ARM.Collect$$rtexit$$00000000)
    .ARM.Collect$$rtexit$$00000002           0x080001d0   Section        0  rtexit2.o(.ARM.Collect$$rtexit$$00000002)
    .ARM.Collect$$rtexit$$00000003           0x080001d0   Section        4  rtexit2.o(.ARM.Collect$$rtexit$$00000003)
    .ARM.Collect$$rtexit$$00000004           0x080001d4   Section        6  rtexit2.o(.ARM.Collect$$rtexit$$00000004)
    .text                                    0x080001dc   Section       64  startup_stm32l152xc.o(.text)
    LCD_IRQHandler                           0x080001f7   Thumb Code     0  startup_stm32l152xc.o(.text)
    .text                                    0x0800021c   Section        0  noretval__2printf.o(.text)
    .text                                    0x08000234   Section        0  __printf.o(.text)
    .text                                    0x0800029c   Section        0  _printf_str.o(.text)
    .text                                    0x080002f0   Section        0  __0scanf.o(.text)
    .text                                    0x08000310   Section        0  _scanf_str.o(.text)
    .text                                    0x080003f0   Section        0  fwrite.o(.text)
    .text                                    0x08000424   Section        0  gets.o(.text)
    .text                                    0x0800045c   Section        0  putchar.o(.text)
    .text                                    0x08000468   Section        0  puts.o(.text)
    .text                                    0x08000494   Section        0  heapauxi.o(.text)
    .text                                    0x0800049a   Section        0  _printf_char.o(.text)
    .text                                    0x080004c8   Section        0  _printf_char_file.o(.text)
    .text                                    0x080004ec   Section        0  scanf_char_file.o(.text)
    .text                                    0x08000504   Section        0  ferror.o(.text)
    _printf_input_char                       0x0800050d   Thumb Code    10  _printf_char_common.o(.text)
    .text                                    0x0800050c   Section        0  _printf_char_common.o(.text)
    _scanf_char_input                        0x0800053d   Thumb Code    12  scanf_char.o(.text)
    .text                                    0x0800053c   Section        0  scanf_char.o(.text)
    .text                                    0x08000568   Section        0  backspace.o(.text)
    .text                                    0x080005b0   Section       74  sys_stackheap_outer.o(.text)
    .text                                    0x080005fa   Section        0  isspace.o(.text)
    .text                                    0x0800060c   Section        0  _scanf.o(.text)
    .text                                    0x08000980   Section        0  ungetc.o(.text)
    .text                                    0x080009c8   Section        0  exit.o(.text)
    .text                                    0x080009dc   Section        8  libspace.o(.text)
    .text                                    0x080009e4   Section       16  rt_ctype_table.o(.text)
    .text                                    0x080009f4   Section        8  rt_locale_intlibspace.o(.text)
    .text                                    0x080009fc   Section        0  sys_exit.o(.text)
    .text                                    0x08000a08   Section      128  strcmpv7m.o(.text)
    .text                                    0x08000a88   Section        2  use_no_semi.o(.text)
    .text                                    0x08000a8a   Section        0  indicate_semi.o(.text)
    [Anonymous Symbol]                       0x08000a8c   Section        0  system_stm32l1xx.o(.text.SystemCoreClockUpdate)
    __arm_cp.1_0                             0x08000ae4   Number         4  system_stm32l1xx.o(.text.SystemCoreClockUpdate)
    __arm_cp.1_1                             0x08000ae8   Number         4  system_stm32l1xx.o(.text.SystemCoreClockUpdate)
    __arm_cp.1_2                             0x08000aec   Number         4  system_stm32l1xx.o(.text.SystemCoreClockUpdate)
    __arm_cp.1_3                             0x08000af0   Number         4  system_stm32l1xx.o(.text.SystemCoreClockUpdate)
    __arm_cp.1_4                             0x08000af4   Number         4  system_stm32l1xx.o(.text.SystemCoreClockUpdate)
    [Anonymous Symbol]                       0x08000af8   Section        0  system_stm32l1xx.o(.text.SystemInit)
    __arm_cp.0_1                             0x08000b30   Number         4  system_stm32l1xx.o(.text.SystemInit)
    __arm_cp.0_2                             0x08000b34   Number         4  system_stm32l1xx.o(.text.SystemInit)
    __arm_cp.0_3                             0x08000b38   Number         4  system_stm32l1xx.o(.text.SystemInit)
    [Anonymous Symbol]                       0x08000b3c   Section        0  main.o(.text.fgetc)
    [Anonymous Symbol]                       0x08000b56   Section        0  main.o(.text.fputc)
    [Anonymous Symbol]                       0x08000b5c   Section        0  main.o(.text.gpio_init)
    [Anonymous Symbol]                       0x08000b88   Section        0  main.o(.text.main)
    __arm_cp.0_2                             0x08000c50   Number         4  main.o(.text.main)
    __arm_cp.0_4                             0x08000c6c   Number         4  main.o(.text.main)
    __arm_cp.0_5                             0x08000c70   Number         4  main.o(.text.main)
    __arm_cp.0_6                             0x08000c74   Number         4  main.o(.text.main)
    [Anonymous Symbol]                       0x08000cc4   Section        0  main.o(.text.set_sysclk_to_hsi)
    __arm_cp.1_0                             0x08000cfc   Number         4  main.o(.text.set_sysclk_to_hsi)
    __arm_cp.1_1                             0x08000d00   Number         4  main.o(.text.set_sysclk_to_hsi)
    __arm_cp.1_2                             0x08000d04   Number         4  main.o(.text.set_sysclk_to_hsi)
    [Anonymous Symbol]                       0x08000d08   Section        0  main.o(.text.usart1_Init)
    __arm_cp.3_0                             0x08000d3c   Number         4  main.o(.text.usart1_Init)
    __arm_cp.3_1                             0x08000d40   Number         4  main.o(.text.usart1_Init)
    __arm_cp.3_2                             0x08000d44   Number         4  main.o(.text.usart1_Init)
    [Anonymous Symbol]                       0x08000d48   Section        0  main.o(.text.usart1_read)
    [Anonymous Symbol]                       0x08000d58   Section        0  main.o(.text.usart1_write)
    __arm_cp.6_0                             0x08000d64   Number         4  main.o(.text.usart1_write)
    locale$$code                             0x08000d68   Section       44  lc_ctype_c.o(locale$$code)
    .Lstr.10                                 0x08000dad   Data          70  main.o(.rodata.str1.1)
    [Anonymous Symbol]                       0x08000dad   Section        0  main.o(.rodata.str1.1)
    locale$$data                             0x08000e14   Section      272  lc_ctype_c.o(locale$$data)
    __lcctype_c_name                         0x08000e18   Data           2  lc_ctype_c.o(locale$$data)
    __lcctype_c_start                        0x08000e20   Data           0  lc_ctype_c.o(locale$$data)
    __lcctype_c_end                          0x08000f24   Data           0  lc_ctype_c.o(locale$$data)
    .bss                                     0x200000b0   Section       96  libspace.o(.bss)
    Heap_Mem                                 0x20000168   Data         512  startup_stm32l152xc.o(HEAP)
    HEAP                                     0x20000168   Section      512  startup_stm32l152xc.o(HEAP)
    Stack_Mem                                0x20000368   Data        1024  startup_stm32l152xc.o(STACK)
    STACK                                    0x20000368   Section     1024  startup_stm32l152xc.o(STACK)
    __initial_sp                             0x20000768   Data           0  startup_stm32l152xc.o(STACK)

    Global Symbols

    Symbol Name                              Value     Ov Type        Size  Object(Section)

    BuildAttributes$$THM_ISAv4$P$D$K$B$S$PE$A:L22UL41UL21$X:L11$S22US41US21$IEEE1$IW$~IW$USESV6$~STKCKD$USESV7$~SHL$OSPACE$ROPI$EBA8$UX$STANDARDLIB$REQ8$PRES8$EABIv2 0x00000000   Number         0  anon$$obj.o ABSOLUTE
    __fp_init_empty                          0x00000000   Number         0  fpinit_empty.o ABSOLUTE
    __ARM_exceptions_init                     - Undefined Weak Reference
    __alloca_initialize                       - Undefined Weak Reference
    __arm_preinit_                            - Undefined Weak Reference
    __cpp_initialize__aeabi_                  - Undefined Weak Reference
    __cxa_finalize                            - Undefined Weak Reference
    __sigvec_lookup                           - Undefined Weak Reference
    _atexit_init                              - Undefined Weak Reference
    _call_atexit_fns                          - Undefined Weak Reference
    _clock_init                               - Undefined Weak Reference
    _fp_trap_init                             - Undefined Weak Reference
    _fp_trap_shutdown                         - Undefined Weak Reference
    _get_lc_collate                           - Undefined Weak Reference
    _get_lc_monetary                          - Undefined Weak Reference
    _get_lc_numeric                           - Undefined Weak Reference
    _get_lc_time                              - Undefined Weak Reference
    _getenv_init                              - Undefined Weak Reference
    _handle_redirection                       - Undefined Weak Reference
    _init_alloc                               - Undefined Weak Reference
    _init_user_alloc                          - Undefined Weak Reference
    _initio                                   - Undefined Weak Reference
    _mutex_acquire                            - Undefined Weak Reference
    _mutex_release                            - Undefined Weak Reference
    _printf_mbtowc                            - Undefined Weak Reference
    _printf_post_padding                      - Undefined Weak Reference
    _printf_pre_padding                       - Undefined Weak Reference
    _rand_init                                - Undefined Weak Reference
    _scanf_int                                - Undefined Weak Reference
    _scanf_longlong                           - Undefined Weak Reference
    _scanf_mbtowc                             - Undefined Weak Reference
    _scanf_real                               - Undefined Weak Reference
    _scanf_wctomb                             - Undefined Weak Reference
    _scanf_wstring                            - Undefined Weak Reference
    _signal_finish                            - Undefined Weak Reference
    _signal_init                              - Undefined Weak Reference
    _terminate_alloc                          - Undefined Weak Reference
    _terminate_user_alloc                     - Undefined Weak Reference
    _terminateio                              - Undefined Weak Reference
    __Vectors_Size                           0x00000124   Number         0  startup_stm32l152xc.o ABSOLUTE
    __Vectors                                0x08000000   Data           4  startup_stm32l152xc.o(RESET)
    __Vectors_End                            0x08000124   Data           0  startup_stm32l152xc.o(RESET)
    __main                                   0x08000125   Thumb Code     8  __main.o(!!!main)
    __scatterload                            0x0800012d   Thumb Code     0  __scatter.o(!!!scatter)
    __scatterload_rt2                        0x0800012d   Thumb Code    44  __scatter.o(!!!scatter)
    __scatterload_rt2_thumb_only             0x0800012d   Thumb Code     0  __scatter.o(!!!scatter)
    __scatterload_null                       0x0800013b   Thumb Code     0  __scatter.o(!!!scatter)
    __scatterload_copy                       0x08000161   Thumb Code    26  __scatter_copy.o(!!handler_copy)
    __scatterload_zeroinit                   0x0800017d   Thumb Code    28  __scatter_zi.o(!!handler_zi)
    _printf_c                                0x08000199   Thumb Code     0  _printf_c.o(.ARM.Collect$$_printf_percent$$00000013)
    _printf_percent                          0x08000199   Thumb Code     0  _printf_percent.o(.ARM.Collect$$_printf_percent$$00000000)
    _printf_percent_end                      0x0800019f   Thumb Code     0  _printf_percent_end.o(.ARM.Collect$$_printf_percent$$00000017)
    __rt_lib_init                            0x080001a3   Thumb Code     0  libinit.o(.ARM.Collect$$libinit$$00000000)
    __rt_lib_init_fp_1                       0x080001a5   Thumb Code     0  libinit2.o(.ARM.Collect$$libinit$$00000002)
    __rt_lib_init_heap_1                     0x080001a5   Thumb Code     0  libinit2.o(.ARM.Collect$$libinit$$0000000A)
    __rt_lib_init_lc_common                  0x080001a5   Thumb Code     0  libinit2.o(.ARM.Collect$$libinit$$0000000F)
    __rt_lib_init_preinit_1                  0x080001a5   Thumb Code     0  libinit2.o(.ARM.Collect$$libinit$$00000004)
    __rt_lib_init_rand_1                     0x080001a5   Thumb Code     0  libinit2.o(.ARM.Collect$$libinit$$0000000E)
    __rt_lib_init_user_alloc_1               0x080001a5   Thumb Code     0  libinit2.o(.ARM.Collect$$libinit$$0000000C)
    __rt_lib_init_lc_collate_1               0x080001ab   Thumb Code     0  libinit2.o(.ARM.Collect$$libinit$$00000011)
    __rt_lib_init_lc_ctype_2                 0x080001ab   Thumb Code     0  libinit2.o(.ARM.Collect$$libinit$$00000012)
    __rt_lib_init_alloca_1                   0x080001b7   Thumb Code     0  libinit2.o(.ARM.Collect$$libinit$$0000002E)
    __rt_lib_init_argv_1                     0x080001b7   Thumb Code     0  libinit2.o(.ARM.Collect$$libinit$$0000002C)
    __rt_lib_init_atexit_1                   0x080001b7   Thumb Code     0  libinit2.o(.ARM.Collect$$libinit$$0000001B)
    __rt_lib_init_clock_1                    0x080001b7   Thumb Code     0  libinit2.o(.ARM.Collect$$libinit$$00000021)
    __rt_lib_init_cpp_1                      0x080001b7   Thumb Code     0  libinit2.o(.ARM.Collect$$libinit$$00000032)
    __rt_lib_init_exceptions_1               0x080001b7   Thumb Code     0  libinit2.o(.ARM.Collect$$libinit$$00000030)
    __rt_lib_init_fp_trap_1                  0x080001b7   Thumb Code     0  libinit2.o(.ARM.Collect$$libinit$$0000001F)
    __rt_lib_init_getenv_1                   0x080001b7   Thumb Code     0  libinit2.o(.ARM.Collect$$libinit$$00000023)
    __rt_lib_init_lc_ctype_1                 0x080001b7   Thumb Code     0  libinit2.o(.ARM.Collect$$libinit$$00000013)
    __rt_lib_init_lc_monetary_1              0x080001b7   Thumb Code     0  libinit2.o(.ARM.Collect$$libinit$$00000015)
    __rt_lib_init_lc_numeric_1               0x080001b7   Thumb Code     0  libinit2.o(.ARM.Collect$$libinit$$00000017)
    __rt_lib_init_lc_time_1                  0x080001b7   Thumb Code     0  libinit2.o(.ARM.Collect$$libinit$$00000019)
    __rt_lib_init_return                     0x080001b7   Thumb Code     0  libinit2.o(.ARM.Collect$$libinit$$00000033)
    __rt_lib_init_signal_1                   0x080001b7   Thumb Code     0  libinit2.o(.ARM.Collect$$libinit$$0000001D)
    __rt_lib_init_stdio_1                    0x080001b7   Thumb Code     0  libinit2.o(.ARM.Collect$$libinit$$00000025)
    __rt_lib_shutdown                        0x080001b9   Thumb Code     0  libshutdown.o(.ARM.Collect$$libshutdown$$00000000)
    __rt_lib_shutdown_cpp_1                  0x080001bb   Thumb Code     0  libshutdown2.o(.ARM.Collect$$libshutdown$$00000002)
    __rt_lib_shutdown_fp_trap_1              0x080001bb   Thumb Code     0  libshutdown2.o(.ARM.Collect$$libshutdown$$00000007)
    __rt_lib_shutdown_heap_1                 0x080001bb   Thumb Code     0  libshutdown2.o(.ARM.Collect$$libshutdown$$0000000F)
    __rt_lib_shutdown_return                 0x080001bb   Thumb Code     0  libshutdown2.o(.ARM.Collect$$libshutdown$$00000010)
    __rt_lib_shutdown_signal_1               0x080001bb   Thumb Code     0  libshutdown2.o(.ARM.Collect$$libshutdown$$0000000A)
    __rt_lib_shutdown_stdio_1                0x080001bb   Thumb Code     0  libshutdown2.o(.ARM.Collect$$libshutdown$$00000004)
    __rt_lib_shutdown_user_alloc_1           0x080001bb   Thumb Code     0  libshutdown2.o(.ARM.Collect$$libshutdown$$0000000C)
    __rt_entry                               0x080001bd   Thumb Code     0  __rtentry.o(.ARM.Collect$$rtentry$$00000000)
    __rt_entry_presh_1                       0x080001bd   Thumb Code     0  __rtentry2.o(.ARM.Collect$$rtentry$$00000002)
    __rt_entry_sh                            0x080001bd   Thumb Code     0  __rtentry4.o(.ARM.Collect$$rtentry$$00000004)
    __rt_entry_li                            0x080001c3   Thumb Code     0  __rtentry2.o(.ARM.Collect$$rtentry$$0000000A)
    __rt_entry_postsh_1                      0x080001c3   Thumb Code     0  __rtentry2.o(.ARM.Collect$$rtentry$$00000009)
    __rt_entry_main                          0x080001c7   Thumb Code     0  __rtentry2.o(.ARM.Collect$$rtentry$$0000000D)
    __rt_entry_postli_1                      0x080001c7   Thumb Code     0  __rtentry2.o(.ARM.Collect$$rtentry$$0000000C)
    __rt_exit                                0x080001cf   Thumb Code     0  rtexit.o(.ARM.Collect$$rtexit$$00000000)
    __rt_exit_ls                             0x080001d1   Thumb Code     0  rtexit2.o(.ARM.Collect$$rtexit$$00000003)
    __rt_exit_prels_1                        0x080001d1   Thumb Code     0  rtexit2.o(.ARM.Collect$$rtexit$$00000002)
    __rt_exit_exit                           0x080001d5   Thumb Code     0  rtexit2.o(.ARM.Collect$$rtexit$$00000004)
    Reset_Handler                            0x080001dd   Thumb Code     8  startup_stm32l152xc.o(.text)
    NMI_Handler                              0x080001e5   Thumb Code     2  startup_stm32l152xc.o(.text)
    HardFault_Handler                        0x080001e7   Thumb Code     2  startup_stm32l152xc.o(.text)
    MemManage_Handler                        0x080001e9   Thumb Code     2  startup_stm32l152xc.o(.text)
    BusFault_Handler                         0x080001eb   Thumb Code     2  startup_stm32l152xc.o(.text)
    UsageFault_Handler                       0x080001ed   Thumb Code     2  startup_stm32l152xc.o(.text)
    SVC_Handler                              0x080001ef   Thumb Code     2  startup_stm32l152xc.o(.text)
    DebugMon_Handler                         0x080001f1   Thumb Code     2  startup_stm32l152xc.o(.text)
    PendSV_Handler                           0x080001f3   Thumb Code     2  startup_stm32l152xc.o(.text)
    SysTick_Handler                          0x080001f5   Thumb Code     2  startup_stm32l152xc.o(.text)
    ADC1_IRQHandler                          0x080001f7   Thumb Code     0  startup_stm32l152xc.o(.text)
    COMP_ACQ_IRQHandler                      0x080001f7   Thumb Code     0  startup_stm32l152xc.o(.text)
    COMP_IRQHandler                          0x080001f7   Thumb Code     0  startup_stm32l152xc.o(.text)
    DAC_IRQHandler                           0x080001f7   Thumb Code     0  startup_stm32l152xc.o(.text)
    DMA1_Channel1_IRQHandler                 0x080001f7   Thumb Code     0  startup_stm32l152xc.o(.text)
    DMA1_Channel2_IRQHandler                 0x080001f7   Thumb Code     0  startup_stm32l152xc.o(.text)
    DMA1_Channel3_IRQHandler                 0x080001f7   Thumb Code     0  startup_stm32l152xc.o(.text)
    DMA1_Channel4_IRQHandler                 0x080001f7   Thumb Code     0  startup_stm32l152xc.o(.text)
    DMA1_Channel5_IRQHandler                 0x080001f7   Thumb Code     0  startup_stm32l152xc.o(.text)
    DMA1_Channel6_IRQHandler                 0x080001f7   Thumb Code     0  startup_stm32l152xc.o(.text)
    DMA1_Channel7_IRQHandler                 0x080001f7   Thumb Code     0  startup_stm32l152xc.o(.text)
    DMA2_Channel1_IRQHandler                 0x080001f7   Thumb Code     0  startup_stm32l152xc.o(.text)
    DMA2_Channel2_IRQHandler                 0x080001f7   Thumb Code     0  startup_stm32l152xc.o(.text)
    DMA2_Channel3_IRQHandler                 0x080001f7   Thumb Code     0  startup_stm32l152xc.o(.text)
    DMA2_Channel4_IRQHandler                 0x080001f7   Thumb Code     0  startup_stm32l152xc.o(.text)
    DMA2_Channel5_IRQHandler                 0x080001f7   Thumb Code     0  startup_stm32l152xc.o(.text)
    EXTI0_IRQHandler                         0x080001f7   Thumb Code     0  startup_stm32l152xc.o(.text)
    EXTI15_10_IRQHandler                     0x080001f7   Thumb Code     0  startup_stm32l152xc.o(.text)
    EXTI1_IRQHandler                         0x080001f7   Thumb Code     0  startup_stm32l152xc.o(.text)
    EXTI2_IRQHandler                         0x080001f7   Thumb Code     0  startup_stm32l152xc.o(.text)
    EXTI3_IRQHandler                         0x080001f7   Thumb Code     0  startup_stm32l152xc.o(.text)
    EXTI4_IRQHandler                         0x080001f7   Thumb Code     0  startup_stm32l152xc.o(.text)
    EXTI9_5_IRQHandler                       0x080001f7   Thumb Code     0  startup_stm32l152xc.o(.text)
    FLASH_IRQHandler                         0x080001f7   Thumb Code     0  startup_stm32l152xc.o(.text)
    I2C1_ER_IRQHandler                       0x080001f7   Thumb Code     0  startup_stm32l152xc.o(.text)
    I2C1_EV_IRQHandler                       0x080001f7   Thumb Code     0  startup_stm32l152xc.o(.text)
    I2C2_ER_IRQHandler                       0x080001f7   Thumb Code     0  startup_stm32l152xc.o(.text)
    I2C2_EV_IRQHandler                       0x080001f7   Thumb Code     0  startup_stm32l152xc.o(.text)
    PVD_IRQHandler                           0x080001f7   Thumb Code     0  startup_stm32l152xc.o(.text)
    RCC_IRQHandler                           0x080001f7   Thumb Code     0  startup_stm32l152xc.o(.text)
    RTC_Alarm_IRQHandler                     0x080001f7   Thumb Code     0  startup_stm32l152xc.o(.text)
    RTC_WKUP_IRQHandler                      0x080001f7   Thumb Code     0  startup_stm32l152xc.o(.text)
    SPI1_IRQHandler                          0x080001f7   Thumb Code     0  startup_stm32l152xc.o(.text)
    SPI2_IRQHandler                          0x080001f7   Thumb Code     0  startup_stm32l152xc.o(.text)
    SPI3_IRQHandler                          0x080001f7   Thumb Code     0  startup_stm32l152xc.o(.text)
    TAMPER_STAMP_IRQHandler                  0x080001f7   Thumb Code     0  startup_stm32l152xc.o(.text)
    TIM10_IRQHandler                         0x080001f7   Thumb Code     0  startup_stm32l152xc.o(.text)
    TIM11_IRQHandler                         0x080001f7   Thumb Code     0  startup_stm32l152xc.o(.text)
    TIM2_IRQHandler                          0x080001f7   Thumb Code     0  startup_stm32l152xc.o(.text)
    TIM3_IRQHandler                          0x080001f7   Thumb Code     0  startup_stm32l152xc.o(.text)
    TIM4_IRQHandler                          0x080001f7   Thumb Code     0  startup_stm32l152xc.o(.text)
    TIM5_IRQHandler                          0x080001f7   Thumb Code     0  startup_stm32l152xc.o(.text)
    TIM6_IRQHandler                          0x080001f7   Thumb Code     0  startup_stm32l152xc.o(.text)
    TIM7_IRQHandler                          0x080001f7   Thumb Code     0  startup_stm32l152xc.o(.text)
    TIM9_IRQHandler                          0x080001f7   Thumb Code     0  startup_stm32l152xc.o(.text)
    USART1_IRQHandler                        0x080001f7   Thumb Code     0  startup_stm32l152xc.o(.text)
    USART2_IRQHandler                        0x080001f7   Thumb Code     0  startup_stm32l152xc.o(.text)
    USART3_IRQHandler                        0x080001f7   Thumb Code     0  startup_stm32l152xc.o(.text)
    USB_FS_WKUP_IRQHandler                   0x080001f7   Thumb Code     0  startup_stm32l152xc.o(.text)
    USB_HP_IRQHandler                        0x080001f7   Thumb Code     0  startup_stm32l152xc.o(.text)
    USB_LP_IRQHandler                        0x080001f7   Thumb Code     0  startup_stm32l152xc.o(.text)
    WWDG_IRQHandler                          0x080001f7   Thumb Code     0  startup_stm32l152xc.o(.text)
    __user_initial_stackheap                 0x080001f9   Thumb Code     0  startup_stm32l152xc.o(.text)
    __2printf                                0x0800021d   Thumb Code    20  noretval__2printf.o(.text)
    __printf                                 0x08000235   Thumb Code   104  __printf.o(.text)
    _printf_str                              0x0800029d   Thumb Code    82  _printf_str.o(.text)
    __0scanf                                 0x080002f1   Thumb Code    26  __0scanf.o(.text)
    _scanf_string                            0x08000311   Thumb Code   224  _scanf_str.o(.text)
    fwrite                                   0x080003f1   Thumb Code    50  fwrite.o(.text)
    gets                                     0x08000425   Thumb Code    52  gets.o(.text)
    putchar                                  0x0800045d   Thumb Code     6  putchar.o(.text)
    puts                                     0x08000469   Thumb Code    40  puts.o(.text)
    __use_two_region_memory                  0x08000495   Thumb Code     2  heapauxi.o(.text)
    __rt_heap_escrow$2region                 0x08000497   Thumb Code     2  heapauxi.o(.text)
    __rt_heap_expand$2region                 0x08000499   Thumb Code     2  heapauxi.o(.text)
    _printf_cs_common                        0x0800049b   Thumb Code    20  _printf_char.o(.text)
    _printf_char                             0x080004af   Thumb Code    16  _printf_char.o(.text)
    _printf_string                           0x080004bf   Thumb Code     8  _printf_char.o(.text)
    _printf_char_file                        0x080004c9   Thumb Code    32  _printf_char_file.o(.text)
    __vfscanf_char_file                      0x080004ed   Thumb Code    16  scanf_char_file.o(.text)
    ferror                                   0x08000505   Thumb Code     8  ferror.o(.text)
    _printf_char_common                      0x08000517   Thumb Code    32  _printf_char_common.o(.text)
    __vfscanf_char                           0x08000549   Thumb Code    24  scanf_char.o(.text)
    ___backspace$unlocked                    0x08000569   Thumb Code     2  backspace.o(.text)
    __backspace                              0x0800056b   Thumb Code    70  backspace.o(.text)
    __user_setup_stackheap                   0x080005b1   Thumb Code    74  sys_stackheap_outer.o(.text)
    isspace                                  0x080005fb   Thumb Code    18  isspace.o(.text)
    __vfscanf                                0x0800060d   Thumb Code   878  _scanf.o(.text)
    _ungetc_internal                         0x08000981   Thumb Code    60  ungetc.o(.text)
    ungetc                                   0x08000981   Thumb Code     0  ungetc.o(.text)
    exit                                     0x080009c9   Thumb Code    18  exit.o(.text)
    __user_libspace                          0x080009dd   Thumb Code     8  libspace.o(.text)
    __user_perproc_libspace                  0x080009dd   Thumb Code     0  libspace.o(.text)
    __user_perthread_libspace                0x080009dd   Thumb Code     0  libspace.o(.text)
    __rt_ctype_table                         0x080009e5   Thumb Code    16  rt_ctype_table.o(.text)
    __rt_locale                              0x080009f5   Thumb Code     8  rt_locale_intlibspace.o(.text)
    _sys_exit                                0x080009fd   Thumb Code     8  sys_exit.o(.text)
    strcmp                                   0x08000a09   Thumb Code   128  strcmpv7m.o(.text)
    __I$use$semihosting                      0x08000a89   Thumb Code     0  use_no_semi.o(.text)
    __use_no_semihosting_swi                 0x08000a89   Thumb Code     2  use_no_semi.o(.text)
    __semihosting_library_function           0x08000a8b   Thumb Code     0  indicate_semi.o(.text)
    SystemCoreClockUpdate                    0x08000a8d   Thumb Code   108  system_stm32l1xx.o(.text.SystemCoreClockUpdate)
    SystemInit                               0x08000af9   Thumb Code    68  system_stm32l1xx.o(.text.SystemInit)
    fgetc                                    0x08000b3d   Thumb Code    26  main.o(.text.fgetc)
    fputc                                    0x08000b57   Thumb Code     6  main.o(.text.fputc)
    gpio_init                                0x08000b5d   Thumb Code    44  main.o(.text.gpio_init)
    main                                     0x08000b89   Thumb Code   316  main.o(.text.main)
    set_sysclk_to_hsi                        0x08000cc5   Thumb Code    68  main.o(.text.set_sysclk_to_hsi)
    usart1_Init                              0x08000d09   Thumb Code    64  main.o(.text.usart1_Init)
    usart1_read                              0x08000d49   Thumb Code    16  main.o(.text.usart1_read)
    usart1_write                             0x08000d59   Thumb Code    16  main.o(.text.usart1_write)
    _get_lc_ctype                            0x08000d69   Thumb Code    44  lc_ctype_c.o(locale$$code)
    AHBPrescTable                            0x08000d94   Data          16  system_stm32l1xx.o(.rodata.AHBPrescTable)
    PLLMulTable                              0x08000da4   Data           9  system_stm32l1xx.o(.rodata.PLLMulTable)
    Region$$Table$$Base                      0x08000df4   Number         0  anon$$obj.o(Region$$Table)
    Region$$Table$$Limit                     0x08000e14   Number         0  anon$$obj.o(Region$$Table)
    __ctype                                  0x08000e21   Data           0  lc_ctype_c.o(locale$$data)
    SystemCoreClock                          0x20000000   Data           4  system_stm32l1xx.o(.data.SystemCoreClock)
    __stderr                                 0x20000004   Data          84  main.o(.data.__stderr)
    __stdout                                 0x20000058   Data          84  main.o(.data.__stdout)
    __libspace_start                         0x200000b0   Data          96  libspace.o(.bss)
    __stdin                                  0x20000110   Data          84  main.o(.bss.__stdin)
    __temporary_stack_top$libspace           0x20000110   Data           0  libspace.o(.bss)



==============================================================================

Memory Map of the image

  Image Entry point : 0x08000125

  Load Region LR_IROM1 (Base: 0x08000000, Size: 0x00000fd8, Max: 0x00040000, ABSOLUTE)

    Execution Region ER_IROM1 (Exec base: 0x08000000, Load base: 0x08000000, Size: 0x00000f24, Max: 0x00040000, ABSOLUTE)

    Exec Addr    Load Addr    Size         Type   Attr      Idx    E Section Name        Object

    0x08000000   0x08000000   0x00000124   Data   RO           42    RESET               startup_stm32l152xc.o
    0x08000124   0x08000124   0x00000008   Code   RO          110  * !!!main             c_w.l(__main.o)
    0x0800012c   0x0800012c   0x00000034   Code   RO          312    !!!scatter          c_w.l(__scatter.o)
    0x08000160   0x08000160   0x0000001a   Code   RO          314    !!handler_copy      c_w.l(__scatter_copy.o)
    0x0800017a   0x0800017a   0x00000002   PAD
    0x0800017c   0x0800017c   0x0000001c   Code   RO          316    !!handler_zi        c_w.l(__scatter_zi.o)
    0x08000198   0x08000198   0x00000000   Code   RO           95    .ARM.Collect$$_printf_percent$$00000000  c_w.l(_printf_percent.o)
    0x08000198   0x08000198   0x00000006   Code   RO           94    .ARM.Collect$$_printf_percent$$00000013  c_w.l(_printf_c.o)
    0x0800019e   0x0800019e   0x00000004   Code   RO          117    .ARM.Collect$$_printf_percent$$00000017  c_w.l(_printf_percent_end.o)
    0x080001a2   0x080001a2   0x00000002   Code   RO          164    .ARM.Collect$$libinit$$00000000  c_w.l(libinit.o)
    0x080001a4   0x080001a4   0x00000000   Code   RO          173    .ARM.Collect$$libinit$$00000002  c_w.l(libinit2.o)
    0x080001a4   0x080001a4   0x00000000   Code   RO          175    .ARM.Collect$$libinit$$00000004  c_w.l(libinit2.o)
    0x080001a4   0x080001a4   0x00000000   Code   RO          178    .ARM.Collect$$libinit$$0000000A  c_w.l(libinit2.o)
    0x080001a4   0x080001a4   0x00000000   Code   RO          180    .ARM.Collect$$libinit$$0000000C  c_w.l(libinit2.o)
    0x080001a4   0x080001a4   0x00000000   Code   RO          182    .ARM.Collect$$libinit$$0000000E  c_w.l(libinit2.o)
    0x080001a4   0x080001a4   0x00000006   Code   RO          183    .ARM.Collect$$libinit$$0000000F  c_w.l(libinit2.o)
    0x080001aa   0x080001aa   0x00000000   Code   RO          185    .ARM.Collect$$libinit$$00000011  c_w.l(libinit2.o)
    0x080001aa   0x080001aa   0x0000000c   Code   RO          186    .ARM.Collect$$libinit$$00000012  c_w.l(libinit2.o)
    0x080001b6   0x080001b6   0x00000000   Code   RO          187    .ARM.Collect$$libinit$$00000013  c_w.l(libinit2.o)
    0x080001b6   0x080001b6   0x00000000   Code   RO          189    .ARM.Collect$$libinit$$00000015  c_w.l(libinit2.o)
    0x080001b6   0x080001b6   0x00000000   Code   RO          191    .ARM.Collect$$libinit$$00000017  c_w.l(libinit2.o)
    0x080001b6   0x080001b6   0x00000000   Code   RO          193    .ARM.Collect$$libinit$$00000019  c_w.l(libinit2.o)
    0x080001b6   0x080001b6   0x00000000   Code   RO          195    .ARM.Collect$$libinit$$0000001B  c_w.l(libinit2.o)
    0x080001b6   0x080001b6   0x00000000   Code   RO          197    .ARM.Collect$$libinit$$0000001D  c_w.l(libinit2.o)
    0x080001b6   0x080001b6   0x00000000   Code   RO          199    .ARM.Collect$$libinit$$0000001F  c_w.l(libinit2.o)
    0x080001b6   0x080001b6   0x00000000   Code   RO          201    .ARM.Collect$$libinit$$00000021  c_w.l(libinit2.o)
    0x080001b6   0x080001b6   0x00000000   Code   RO          203    .ARM.Collect$$libinit$$00000023  c_w.l(libinit2.o)
    0x080001b6   0x080001b6   0x00000000   Code   RO          205    .ARM.Collect$$libinit$$00000025  c_w.l(libinit2.o)
    0x080001b6   0x080001b6   0x00000000   Code   RO          209    .ARM.Collect$$libinit$$0000002C  c_w.l(libinit2.o)
    0x080001b6   0x080001b6   0x00000000   Code   RO          211    .ARM.Collect$$libinit$$0000002E  c_w.l(libinit2.o)
    0x080001b6   0x080001b6   0x00000000   Code   RO          213    .ARM.Collect$$libinit$$00000030  c_w.l(libinit2.o)
    0x080001b6   0x080001b6   0x00000000   Code   RO          215    .ARM.Collect$$libinit$$00000032  c_w.l(libinit2.o)
    0x080001b6   0x080001b6   0x00000002   Code   RO          216    .ARM.Collect$$libinit$$00000033  c_w.l(libinit2.o)
    0x080001b8   0x080001b8   0x00000002   Code   RO          248    .ARM.Collect$$libshutdown$$00000000  c_w.l(libshutdown.o)
    0x080001ba   0x080001ba   0x00000000   Code   RO          263    .ARM.Collect$$libshutdown$$00000002  c_w.l(libshutdown2.o)
    0x080001ba   0x080001ba   0x00000000   Code   RO          265    .ARM.Collect$$libshutdown$$00000004  c_w.l(libshutdown2.o)
    0x080001ba   0x080001ba   0x00000000   Code   RO          268    .ARM.Collect$$libshutdown$$00000007  c_w.l(libshutdown2.o)
    0x080001ba   0x080001ba   0x00000000   Code   RO          271    .ARM.Collect$$libshutdown$$0000000A  c_w.l(libshutdown2.o)
    0x080001ba   0x080001ba   0x00000000   Code   RO          273    .ARM.Collect$$libshutdown$$0000000C  c_w.l(libshutdown2.o)
    0x080001ba   0x080001ba   0x00000000   Code   RO          276    .ARM.Collect$$libshutdown$$0000000F  c_w.l(libshutdown2.o)
    0x080001ba   0x080001ba   0x00000002   Code   RO          277    .ARM.Collect$$libshutdown$$00000010  c_w.l(libshutdown2.o)
    0x080001bc   0x080001bc   0x00000000   Code   RO          112    .ARM.Collect$$rtentry$$00000000  c_w.l(__rtentry.o)
    0x080001bc   0x080001bc   0x00000000   Code   RO          125    .ARM.Collect$$rtentry$$00000002  c_w.l(__rtentry2.o)
    0x080001bc   0x080001bc   0x00000006   Code   RO          137    .ARM.Collect$$rtentry$$00000004  c_w.l(__rtentry4.o)
    0x080001c2   0x080001c2   0x00000000   Code   RO          127    .ARM.Collect$$rtentry$$00000009  c_w.l(__rtentry2.o)
    0x080001c2   0x080001c2   0x00000004   Code   RO          128    .ARM.Collect$$rtentry$$0000000A  c_w.l(__rtentry2.o)
    0x080001c6   0x080001c6   0x00000000   Code   RO          130    .ARM.Collect$$rtentry$$0000000C  c_w.l(__rtentry2.o)
    0x080001c6   0x080001c6   0x00000008   Code   RO          131    .ARM.Collect$$rtentry$$0000000D  c_w.l(__rtentry2.o)
    0x080001ce   0x080001ce   0x00000002   Code   RO          168    .ARM.Collect$$rtexit$$00000000  c_w.l(rtexit.o)
    0x080001d0   0x080001d0   0x00000000   Code   RO          218    .ARM.Collect$$rtexit$$00000002  c_w.l(rtexit2.o)
    0x080001d0   0x080001d0   0x00000004   Code   RO          219    .ARM.Collect$$rtexit$$00000003  c_w.l(rtexit2.o)
    0x080001d4   0x080001d4   0x00000006   Code   RO          220    .ARM.Collect$$rtexit$$00000004  c_w.l(rtexit2.o)
    0x080001da   0x080001da   0x00000002   PAD
    0x080001dc   0x080001dc   0x00000040   Code   RO           43    .text               startup_stm32l152xc.o
    0x0800021c   0x0800021c   0x00000018   Code   RO           68    .text               c_w.l(noretval__2printf.o)
    0x08000234   0x08000234   0x00000068   Code   RO           70    .text               c_w.l(__printf.o)
    0x0800029c   0x0800029c   0x00000052   Code   RO           72    .text               c_w.l(_printf_str.o)
    0x080002ee   0x080002ee   0x00000002   PAD
    0x080002f0   0x080002f0   0x00000020   Code   RO           96    .text               c_w.l(__0scanf.o)
    0x08000310   0x08000310   0x000000e0   Code   RO           98    .text               c_w.l(_scanf_str.o)
    0x080003f0   0x080003f0   0x00000032   Code   RO          100    .text               c_w.l(fwrite.o)
    0x08000422   0x08000422   0x00000002   PAD
    0x08000424   0x08000424   0x00000038   Code   RO          102    .text               c_w.l(gets.o)
    0x0800045c   0x0800045c   0x0000000c   Code   RO          104    .text               c_w.l(putchar.o)
    0x08000468   0x08000468   0x0000002c   Code   RO          106    .text               c_w.l(puts.o)
    0x08000494   0x08000494   0x00000006   Code   RO          108    .text               c_w.l(heapauxi.o)
    0x0800049a   0x0800049a   0x0000002c   Code   RO          113    .text               c_w.l(_printf_char.o)
    0x080004c6   0x080004c6   0x00000002   PAD
    0x080004c8   0x080004c8   0x00000024   Code   RO          115    .text               c_w.l(_printf_char_file.o)
    0x080004ec   0x080004ec   0x00000018   Code   RO          118    .text               c_w.l(scanf_char_file.o)
    0x08000504   0x08000504   0x00000008   Code   RO          120    .text               c_w.l(ferror.o)
    0x0800050c   0x0800050c   0x00000030   Code   RO          139    .text               c_w.l(_printf_char_common.o)
    0x0800053c   0x0800053c   0x0000002c   Code   RO          141    .text               c_w.l(scanf_char.o)
    0x08000568   0x08000568   0x00000048   Code   RO          143    .text               c_w.l(backspace.o)
    0x080005b0   0x080005b0   0x0000004a   Code   RO          147    .text               c_w.l(sys_stackheap_outer.o)
    0x080005fa   0x080005fa   0x00000012   Code   RO          149    .text               c_w.l(isspace.o)
    0x0800060c   0x0800060c   0x00000374   Code   RO          153    .text               c_w.l(_scanf.o)
    0x08000980   0x08000980   0x00000048   Code   RO          155    .text               c_w.l(ungetc.o)
    0x080009c8   0x080009c8   0x00000012   Code   RO          157    .text               c_w.l(exit.o)
    0x080009da   0x080009da   0x00000002   PAD
    0x080009dc   0x080009dc   0x00000008   Code   RO          165    .text               c_w.l(libspace.o)
    0x080009e4   0x080009e4   0x00000010   Code   RO          170    .text               c_w.l(rt_ctype_table.o)
    0x080009f4   0x080009f4   0x00000008   Code   RO          227    .text               c_w.l(rt_locale_intlibspace.o)
    0x080009fc   0x080009fc   0x0000000c   Code   RO          236    .text               c_w.l(sys_exit.o)
    0x08000a08   0x08000a08   0x00000080   Code   RO          240    .text               c_w.l(strcmpv7m.o)
    0x08000a88   0x08000a88   0x00000002   Code   RO          253    .text               c_w.l(use_no_semi.o)
    0x08000a8a   0x08000a8a   0x00000000   Code   RO          255    .text               c_w.l(indicate_semi.o)
    0x08000a8a   0x08000a8a   0x00000002   PAD
    0x08000a8c   0x08000a8c   0x0000006c   Code   RO           52    .text.SystemCoreClockUpdate  system_stm32l1xx.o
    0x08000af8   0x08000af8   0x00000044   Code   RO           50    .text.SystemInit    system_stm32l1xx.o
    0x08000b3c   0x08000b3c   0x0000001a   Code   RO           24    .text.fgetc         main.o
    0x08000b56   0x08000b56   0x00000006   Code   RO           26    .text.fputc         main.o
    0x08000b5c   0x08000b5c   0x0000002c   Code   RO            6    .text.gpio_init     main.o
    0x08000b88   0x08000b88   0x0000013c   Code   RO            2    .text.main          main.o
    0x08000cc4   0x08000cc4   0x00000044   Code   RO            4    .text.set_sysclk_to_hsi  main.o
    0x08000d08   0x08000d08   0x00000040   Code   RO            8    .text.usart1_Init   main.o
    0x08000d48   0x08000d48   0x00000010   Code   RO           16    .text.usart1_read   main.o
    0x08000d58   0x08000d58   0x00000010   Code   RO           14    .text.usart1_write  main.o
    0x08000d68   0x08000d68   0x0000002c   Code   RO          230    locale$$code        c_w.l(lc_ctype_c.o)
    0x08000d94   0x08000d94   0x00000010   Data   RO           56    .rodata.AHBPrescTable  system_stm32l1xx.o
    0x08000da4   0x08000da4   0x00000009   Data   RO           55    .rodata.PLLMulTable  system_stm32l1xx.o
    0x08000dad   0x08000dad   0x00000046   Data   RO           31    .rodata.str1.1      main.o
    0x08000df3   0x08000df3   0x00000001   PAD
    0x08000df4   0x08000df4   0x00000020   Data   RO          311    Region$$Table       anon$$obj.o
    0x08000e14   0x08000e14   0x00000110   Data   RO          229    locale$$data        c_w.l(lc_ctype_c.o)


    Execution Region RW_IRAM1 (Exec base: 0x20000000, Load base: 0x08000f28, Size: 0x00000768, Max: 0x00008000, ABSOLUTE)

    Exec Addr    Load Addr    Size         Type   Attr      Idx    E Section Name        Object

    0x20000000   0x08000f28   0x00000004   Data   RW           54    .data.SystemCoreClock  system_stm32l1xx.o
    0x20000004   0x08000f2c   0x00000054   Data   RW           29    .data.__stderr      main.o
    0x20000058   0x08000f80   0x00000054   Data   RW           28    .data.__stdout      main.o
    0x200000ac   0x08000fd4   0x00000004   PAD
    0x200000b0        -       0x00000060   Zero   RW          166    .bss                c_w.l(libspace.o)
    0x20000110        -       0x00000054   Zero   RW           30    .bss.__stdin        main.o
    0x20000164   0x08000fd4   0x00000004   PAD
    0x20000168        -       0x00000200   Zero   RW           41    HEAP                startup_stm32l152xc.o
    0x20000368        -       0x00000400   Zero   RW           40    STACK               startup_stm32l152xc.o


==============================================================================

Image component sizes


      Code (inc. data)   RO Data    RW Data    ZI Data      Debug   Object Name

       556        180         70        168         84       3571   main.o
        64         26        292          0       1536        856   startup_stm32l152xc.o
       176         32         25          4          0       2391   system_stm32l1xx.o

    ----------------------------------------------------------------------
       796        238        420        172       1628       6818   Object Totals
         0          0         32          0          0          0   (incl. Generated)
         0          0          1          0          8          0   (incl. Padding)

    ----------------------------------------------------------------------

      Code (inc. data)   RO Data    RW Data    ZI Data      Debug   Library Member Name

        32          6          0          0          0         84   __0scanf.o
         8          0          0          0          0         68   __main.o
       104          0          0          0          0         84   __printf.o
         0          0          0          0          0          0   __rtentry.o
        12          0          0          0          0          0   __rtentry2.o
         6          0          0          0          0          0   __rtentry4.o
        52          8          0          0          0          0   __scatter.o
        26          0          0          0          0          0   __scatter_copy.o
        28          0          0          0          0          0   __scatter_zi.o
         6          0          0          0          0          0   _printf_c.o
        44          0          0          0          0        108   _printf_char.o
        48          6          0          0          0         96   _printf_char_common.o
        36          4          0          0          0         80   _printf_char_file.o
         0          0          0          0          0          0   _printf_percent.o
         4          0          0          0          0          0   _printf_percent_end.o
        82          0          0          0          0         80   _printf_str.o
       884          6          0          0          0        100   _scanf.o
       224          0          0          0          0         96   _scanf_str.o
        72          0          0          0          0         92   backspace.o
        18          0          0          0          0         80   exit.o
         8          0          0          0          0         68   ferror.o
        50          0          0          0          0         84   fwrite.o
        56          4          0          0          0         80   gets.o
         6          0          0          0          0        152   heapauxi.o
         0          0          0          0          0          0   indicate_semi.o
        18          0          0          0          0         76   isspace.o
        44         10        272          0          0         76   lc_ctype_c.o
         2          0          0          0          0          0   libinit.o
        20          0          0          0          0          0   libinit2.o
         2          0          0          0          0          0   libshutdown.o
         2          0          0          0          0          0   libshutdown2.o
         8          4          0          0         96         68   libspace.o
        24          4          0          0          0         84   noretval__2printf.o
        12          6          0          0          0         68   putchar.o
        44          4          0          0          0         84   puts.o
        16          4          0          0          0         76   rt_ctype_table.o
         8          4          0          0          0         68   rt_locale_intlibspace.o
         2          0          0          0          0          0   rtexit.o
        10          0          0          0          0          0   rtexit2.o
        44          8          0          0          0         84   scanf_char.o
        24          8          0          0          0         68   scanf_char_file.o
       128          0          0          0          0         68   strcmpv7m.o
        12          4          0          0          0         68   sys_exit.o
        74          0          0          0          0         80   sys_stackheap_outer.o
        72         12          0          0          0         68   ungetc.o
         2          0          0          0          0         68   use_no_semi.o

    ----------------------------------------------------------------------
      2388        102        272          0         96       2456   Library Totals
        14          0          0          0          0          0   (incl. Padding)

    ----------------------------------------------------------------------

      Code (inc. data)   RO Data    RW Data    ZI Data      Debug   Library Name

      2374        102        272          0         96       2456   c_w.l

    ----------------------------------------------------------------------
      2388        102        272          0         96       2456   Library Totals

    ----------------------------------------------------------------------

==============================================================================


      Code (inc. data)   RO Data    RW Data    ZI Data      Debug   

      3184        340        692        172       1724       7954   Grand Totals
      3184        340        692        172       1724       7954   ELF Image Totals
      3184        340        692        172          0          0   ROM Totals

==============================================================================

    Total RO  Size (Code + RO Data)                 3876 (   3.79kB)
    Total RW  Size (RW Data + ZI Data)              1896 (   1.85kB)
    Total ROM Size (Code + RO Data + RW Data)       4048 (   3.95kB)

==============================================================================

