<html>
<body>
<pre>
<h1>µVision Build Log</h1>
<h2>Tool Versions:</h2>
IDE-Version: µVision V5.30.0.0
Copyright (C) 2020 ARM Ltd and ARM Germany GmbH. All rights reserved.
License Information: saeed poorjandaghi, Kaveh, LIC=VGX63-AFJUU-M91GG-V8QPL-BHKEG-D5874
 
Tool Versions:
Toolchain:       MDK-ARM Plus  Version: 5.30.0.0
Toolchain Path:  C:\Keil_v5\ARM\ARMCLANG\Bin
C Compiler:      ArmClang.exe V6.14
Assembler:       Armasm.exe V6.14
Linker/Locator:  ArmLink.exe V6.14
Library Manager: ArmAr.exe V6.14
Hex Converter:   FromElf.exe V6.14
CPU DLL:         SARMCM3.DLL V5.30.0.0
Dialog DLL:      DCM.DLL V1.17.3.0
Target DLL:      STLink\ST-LINKIII-KEIL_SWO.dll V3.0.7.0
Dialog DLL:      TCM.DLL V1.42.0.0
 
<h2>Project:</h2>
C:\Users\Admin\Desktop\STM32L152\stm32l152rc-discovery-bare-metal\adc-timer\adc-timer.uvprojx
Project File Date:  08/23/2020

<h2>Output:</h2>
*** Using Compiler 'V6.14', folder: 'C:\Keil_v5\ARM\ARMCLANG\Bin'
Build target 'stm32l152rc'
main.c(62): warning: incompatible integer to pointer conversion initializing 'char *' with an expression of type 'int' [-Wint-conversion]
 char * ts_cal2_add = 0x1FF800FE;
        ^             ~~~~~~~~~~
main.c(62): warning: no previous extern declaration for non-static variable 'ts_cal2_add' [-Wmissing-variable-declarations]
main.c(62): note: declare 'static' if the variable is not intended to be used outside of this translation unit
 char * ts_cal2_add = 0x1FF800FE;
 ^
main.c(63): warning: incompatible integer to pointer conversion initializing 'char *' with an expression of type 'int' [-Wint-conversion]
 char * ts_cal1_add = 0x1FF800FA;
        ^             ~~~~~~~~~~
main.c(63): warning: no previous extern declaration for non-static variable 'ts_cal1_add' [-Wmissing-variable-declarations]
main.c(63): note: declare 'static' if the variable is not intended to be used outside of this translation unit
 char * ts_cal1_add = 0x1FF800FA;
 ^
main.c(84): warning: implicit conversion loses floating-point precision: 'double' to 'float' [-Wimplicit-float-conversion]
                                temperature = ((110.0-30.0)/(TS_CAL2-TS_CAL1))*(float)(adc_result-TS_CAL1)+30;
                                            ~ ~~~~~~~~~~~~~~~~~~~~~~~~~~~~~~~~~~~~~~~~~~~~~~~~~~~~~~~~~~~~^~~
main.c(84): warning: implicit conversion increases floating-point precision: 'float' to 'double' [-Wdouble-promotion]
                                temperature = ((110.0-30.0)/(TS_CAL2-TS_CAL1))*(float)(adc_result-TS_CAL1)+30;
                                                                              ~^~~~~~~~~~~~~~~~~~~~~~~~~~~
main.c(85): warning: implicitly declaring library function 'sprintf' with type 'int (char *, const char *, ...)' [-Wimplicit-function-declaration]
                                sprintf(str,"TEMP = %.2f\370c\r\n",temperature);
                                ^
main.c(85): note: include the header <stdio.h> or explicitly provide a declaration for 'sprintf'
main.c(85): warning: implicit conversion increases floating-point precision: 'float' to 'double' [-Wdouble-promotion]
                                sprintf(str,"TEMP = %.2f\370c\r\n",temperature);
                                ~~~~~~~                            ^~~~~~~~~~~
main.c(122): warning: no previous prototype for function 'USART1_IRQHandler' [-Wmissing-prototypes]
 void USART1_IRQHandler(void)
      ^
main.c(122): note: declare 'static' if the function is not intended to be used outside of this translation unit
 void USART1_IRQHandler(void)
 ^
 static 
main.c(252): warning: no newline at end of file [-Wnewline-eof]
 
 ^
10 warnings generated.
compiling main.c...
linking...
Program Size: Code=7676 RO-data=528 RW-data=12 ZI-data=1636  
".\Objects\adc-timer.axf" - 0 Error(s), 10 Warning(s).

<h2>Software Packages used:</h2>

Package Vendor: ARM
                http://www.keil.com/pack/ARM.CMSIS.5.7.0.pack
                ARM.CMSIS.5.7.0
                CMSIS (Cortex Microcontroller Software Interface Standard)
   * Component: CORE Version: 5.4.0

Package Vendor: Keil
                http://www.keil.com/pack/Keil.STM32L1xx_DFP.1.2.0.pack
                Keil.STM32L1xx_DFP.1.2.0
                STMicroelectronics STM32L1 Series Device Support and Examples
   * Component: Startup Version: 2.0.0

<h2>Collection of Component include folders:</h2>
  .\RTE\_stm32l152rc
  C:\Users\Admin\AppData\Local\Arm\Packs\ARM\CMSIS\5.7.0\CMSIS\Core\Include
  C:\Users\Admin\AppData\Local\Arm\Packs\Keil\STM32L1xx_DFP\1.2.0\Device\Include

<h2>Collection of Component Files used:</h2>

   * Component: ARM::CMSIS:CORE:5.4.0

   * Component: Keil::Device:Startup:2.0.0
      Source file:   Device\Source\system_stm32l1xx.c
      Source file:   Device\Source\ARM\STM32L1xx_MD+_OPT.s
      Source file:   Device\Source\ARM\startup_stm32l152xc.s
Build Time Elapsed:  00:00:00
</pre>
</body>
</html>
